Submitting job with sbatch from directory: /mnt/vast-nhr/home/nirish.samant/u28445/dnlp
Home directory: /user/nirish.samant/u28445
Working directory: /mnt/vast-nhr/home/nirish.samant/u28445/dnlp
Current node: ggpu202
Python 3.10.20
Collecting environment information...
PyTorch version: 2.2.0
Is debug build: False
CUDA used to build PyTorch: 12.1
ROCM used to build PyTorch: N/A

OS: Rocky Linux 8.10 (Green Obsidian) (x86_64)
GCC version: (GCC) 8.5.0 20210514 (Red Hat 8.5.0-28)
Clang version: Could not collect
CMake version: version 3.26.5
Libc version: glibc-2.28

Python version: 3.10.20 | packaged by conda-forge | (main, Jun 11 2026, 03:31:56) [GCC 14.3.0] (64-bit runtime)
Python platform: Linux-4.18.0-553.146.1.el8_10.x86_64-x86_64-with-glibc2.28
Is CUDA available: True
CUDA runtime version: Could not collect
CUDA_MODULE_LOADING set to: LAZY
GPU models and configuration: GPU 0: NVIDIA A100-SXM4-80GB
Nvidia driver version: 570.211.01
cuDNN version: Could not collect
HIP runtime version: N/A
MIOpen runtime version: N/A
Is XNNPACK available: True

CPU:
Architecture:        x86_64
CPU op-mode(s):      32-bit, 64-bit
Byte Order:          Little Endian
CPU(s):              256
On-line CPU(s) list: 0-255
Thread(s) per core:  2
Core(s) per socket:  64
Socket(s):           2
NUMA node(s):        2
Vendor ID:           AuthenticAMD
CPU family:          23
Model:               49
Model name:          AMD EPYC 7662 64-Core Processor
Stepping:            0
CPU MHz:             2461.696
CPU max MHz:         2154.2959
CPU min MHz:         1500.0000
BogoMIPS:            3999.99
Virtualization:      AMD-V
L1d cache:           32K
L1i cache:           32K
L2 cache:            512K
L3 cache:            16384K
NUMA node0 CPU(s):   0-63,128-191
NUMA node1 CPU(s):   64-127,192-255
Flags:               fpu vme de pse tsc msr pae mce cx8 apic sep mtrr pge mca cmov pat pse36 clflush mmx fxsr sse sse2 ht syscall nx mmxext fxsr_opt pdpe1gb rdtscp lm constant_tsc rep_good nopl nonstop_tsc cpuid extd_apicid aperfmperf pni pclmulqdq monitor ssse3 fma cx16 sse4_1 sse4_2 x2apic movbe popcnt aes xsave avx f16c rdrand lahf_lm cmp_legacy svm extapic cr8_legacy abm sse4a misalignsse 3dnowprefetch osvw ibs skinit wdt tce topoext perfctr_core perfctr_nb bpext perfctr_llc mwaitx cpb cat_l3 cdp_l3 hw_pstate ssbd mba ibrs ibpb stibp vmmcall fsgsbase bmi1 avx2 smep bmi2 cqm rdt_a rdseed adx smap clflushopt clwb sha_ni xsaveopt xsavec xgetbv1 xsaves cqm_llc cqm_occup_llc cqm_mbm_total cqm_mbm_local clzero irperf xsaveerptr wbnoinvd amd_ppin arat npt lbrv svm_lock nrip_save tsc_scale vmcb_clean flushbyasid decodeassists pausefilter pfthreshold avic v_vmsave_vmload vgif v_spec_ctrl umip rdpid overflow_recov succor smca sme sev sev_es

Versions of relevant libraries:
[pip3] numpy==1.26.4
[pip3] torch==2.2.0
[pip3] torchaudio==2.2.0
[pip3] torchvision==0.17.0
[pip3] triton==2.2.0
[conda] blas                      2.108                       mkl    conda-forge
[conda] blas-devel                3.9.0                     8_mkl    conda-forge
[conda] libblas                   3.9.0                     8_mkl    conda-forge
[conda] libcblas                  3.9.0                     8_mkl    conda-forge
[conda] liblapack                 3.9.0                     8_mkl    conda-forge
[conda] liblapacke                3.9.0                     8_mkl    conda-forge
[conda] libopenvino-pytorch-frontend 2026.2.1             hecca717_1    conda-forge
[conda] mkl                       2020.4             h726a3e6_304    conda-forge
[conda] mkl-devel                 2020.4             ha770c72_305    conda-forge
[conda] mkl-include               2020.4             h726a3e6_304    conda-forge
[conda] numpy                     1.26.4          py310hb13e2d6_0    conda-forge
[conda] pytorch                   2.2.0           py3.10_cuda12.1_cudnn8.9.2_0    pytorch
[conda] pytorch-cuda              12.1                 ha16c6d3_6    pytorch
[conda] pytorch-mutex             1.0                        cuda    pytorch
[conda] torchaudio                2.2.0               py310_cu121    pytorch
[conda] torchtriton               2.2.0                     py310    pytorch
[conda] torchvision               0.17.0              py310_cu121    pytorch
Label matrix shape: (2730, 26)
Train samples: 2179
Dev samples: 551
Loaded 2179 training samples.
Epoch 1: Loss=0.5785, Train Acc=0.9065, Train MCC=0.0241, Dev Acc=0.7671, Dev MCC=0.0804
  -> New best Dev MCC: 0.0804
Epoch 2: Loss=0.5226, Train Acc=0.9051, Train MCC=0.0934, Dev Acc=0.8433, Dev MCC=0.1428
  -> New best Dev MCC: 0.1428
Epoch 3: Loss=0.4710, Train Acc=0.9094, Train MCC=0.2488, Dev Acc=0.8892, Dev MCC=0.1730
  -> New best Dev MCC: 0.1730
Epoch 4: Loss=0.4007, Train Acc=0.9188, Train MCC=0.4442, Dev Acc=0.8845, Dev MCC=0.1796
  -> New best Dev MCC: 0.1796
Epoch 5: Loss=0.3288, Train Acc=0.9328, Train MCC=0.6187, Dev Acc=0.8949, Dev MCC=0.2003
  -> New best Dev MCC: 0.2003
Epoch 6: Loss=0.2753, Train Acc=0.9415, Train MCC=0.6961, Dev Acc=0.8977, Dev MCC=0.2068
  -> New best Dev MCC: 0.2068
Epoch 7: Loss=0.2320, Train Acc=0.9510, Train MCC=0.7510, Dev Acc=0.9026, Dev MCC=0.2068
  -> New best Dev MCC: 0.2068
Epoch 8: Loss=0.1967, Train Acc=0.9573, Train MCC=0.7967, Dev Acc=0.9049, Dev MCC=0.2157
  -> New best Dev MCC: 0.2157
Epoch 9: Loss=0.1762, Train Acc=0.9641, Train MCC=0.8216, Dev Acc=0.9036, Dev MCC=0.2081
  -> No improvement in Dev MCC (1/2)
Epoch 10: Loss=0.1634, Train Acc=0.9662, Train MCC=0.8300, Dev Acc=0.9069, Dev MCC=0.2130
  -> No improvement in Dev MCC (2/2)
Early stopping triggered after 10 epochs.
Restoring best model with Dev MCC=0.2157
Training finished.
The accuracy of the model is: 0.905
Matthews Correlation Coefficient of the model is: 0.216
============ Job Information ===================================================
Submitted: 2026-09-01T08:56:00
Started: 2026-09-01T10:42:58
Ended: 2026-09-01T11:54:07
Elapsed: 72 min, Limit: 90 min, Difference: 18 min
CPUs: 8, Nodes: 1
Estimated credit Consumption: 180.00 core-hours
================================================================================
