Submitting job with sbatch from directory: /mnt/vast-nhr/home/nirish.samant/u28445/dnlp
Home directory: /user/nirish.samant/u28445
Working directory: /mnt/vast-nhr/home/nirish.samant/u28445/dnlp
Current node: ggpu194
Python 3.10.20
Collecting environment information...
PyTorch version: 2.2.0
Is debug build: False
CUDA used to build PyTorch: 12.1
ROCM used to build PyTorch: N/A

OS: AlmaLinux 10.2 (Lavender Lion) (x86_64)
GCC version: (GCC) 14.3.1 20251022 (Red Hat 14.3.1-4)
Clang version: Could not collect
CMake version: version 3.31.8
Libc version: glibc-2.39

Python version: 3.10.20 | packaged by conda-forge | (main, Jun 11 2026, 03:31:56) [GCC 14.3.0] (64-bit runtime)
Python platform: Linux-6.12.0-211.49.1.el10_2.x86_64-x86_64-with-glibc2.39
Is CUDA available: True
CUDA runtime version: Could not collect
CUDA_MODULE_LOADING set to: LAZY
GPU models and configuration: GPU 0: NVIDIA A100-SXM4-80GB
Nvidia driver version: 580.159.04
cuDNN version: Could not collect
HIP runtime version: N/A
MIOpen runtime version: N/A
Is XNNPACK available: True

CPU:
Architecture:                            x86_64
CPU op-mode(s):                          32-bit, 64-bit
Address sizes:                           48 bits physical, 48 bits virtual
Byte Order:                              Little Endian
CPU(s):                                  128
On-line CPU(s) list:                     0-127
Vendor ID:                               AuthenticAMD
Model name:                              AMD EPYC 7513 32-Core Processor
CPU family:                              25
Model:                                   1
Thread(s) per core:                      2
Core(s) per socket:                      32
Socket(s):                               2
Stepping:                                1
Frequency boost:                         enabled
CPU(s) scaling MHz:                      72%
CPU max MHz:                             3681.6399
CPU min MHz:                             1500.0000
BogoMIPS:                                5199.85
Flags:                                   fpu vme de pse tsc msr pae mce cx8 apic sep mtrr pge mca cmov pat pse36 clflush mmx fxsr sse sse2 ht syscall nx mmxext fxsr_opt pdpe1gb rdtscp lm constant_tsc rep_good nopl xtopology nonstop_tsc cpuid extd_apicid aperfmperf rapl pni pclmulqdq monitor ssse3 fma cx16 pcid sse4_1 sse4_2 movbe popcnt aes xsave avx f16c rdrand lahf_lm cmp_legacy svm extapic cr8_legacy abm sse4a misalignsse 3dnowprefetch osvw ibs skinit wdt tce topoext perfctr_core perfctr_nb bpext perfctr_llc mwaitx cpb cat_l3 cdp_l3 hw_pstate ssbd mba ibrs ibpb stibp vmmcall fsgsbase bmi1 avx2 smep bmi2 erms invpcid cqm rdt_a rdseed adx smap clflushopt clwb sha_ni xsaveopt xsavec xgetbv1 xsaves cqm_llc cqm_occup_llc cqm_mbm_total cqm_mbm_local user_shstk clzero irperf xsaveerptr rdpru wbnoinvd amd_ppin brs arat npt lbrv svm_lock nrip_save tsc_scale vmcb_clean flushbyasid decodeassists pausefilter pfthreshold v_vmsave_vmload vgif v_spec_ctrl umip pku ospke vaes vpclmulqdq rdpid overflow_recov succor smca fsrm debug_swap
Virtualization:                          AMD-V
L1d cache:                               2 MiB (64 instances)
L1i cache:                               2 MiB (64 instances)
L2 cache:                                32 MiB (64 instances)
L3 cache:                                256 MiB (8 instances)
NUMA node(s):                            2
NUMA node0 CPU(s):                       0-31,64-95
NUMA node1 CPU(s):                       32-63,96-127
Vulnerability Gather data sampling:      Not affected
Vulnerability Indirect target selection: Not affected
Vulnerability Itlb multihit:             Not affected
Vulnerability L1tf:                      Not affected
Vulnerability Mds:                       Not affected
Vulnerability Meltdown:                  Not affected
Vulnerability Mmio stale data:           Not affected
Vulnerability Old microcode:             Not affected
Vulnerability Reg file data sampling:    Not affected
Vulnerability Retbleed:                  Not affected
Vulnerability Spec rstack overflow:      Mitigation; Safe RET
Vulnerability Spec store bypass:         Mitigation; Speculative Store Bypass disabled via prctl
Vulnerability Spectre v1:                Mitigation; usercopy/swapgs barriers and __user pointer sanitization
Vulnerability Spectre v2:                Mitigation; Retpolines; IBPB conditional; IBRS_FW; STIBP always-on; RSB filling; PBRSB-eIBRS Not affected; BHI Not affected
Vulnerability Srbds:                     Not affected
Vulnerability Tsa:                       Vulnerable: No microcode
Vulnerability Tsx async abort:           Not affected
Vulnerability Vmscape:                   Mitigation; IBPB before exit to userspace

Versions of relevant libraries:
[pip3] numpy==1.26.4
[pip3] torch==2.2.0
[pip3] torchaudio==2.2.0
[pip3] torchvision==0.17.0
[pip3] triton==2.2.0
[conda] blas                      2.108                       mkl    conda-forge
[conda] blas-devel                3.9.0                     8_mkl    conda-forge
[conda] libblas                   3.9.0                     8_mkl    conda-forge
[conda] libcblas                  3.9.0                     8_mkl    conda-forge
[conda] liblapack                 3.9.0                     8_mkl    conda-forge
[conda] liblapacke                3.9.0                     8_mkl    conda-forge
[conda] libopenvino-pytorch-frontend 2026.2.1             hecca717_1    conda-forge
[conda] mkl                       2020.4             h726a3e6_304    conda-forge
[conda] mkl-devel                 2020.4             ha770c72_305    conda-forge
[conda] mkl-include               2020.4             h726a3e6_304    conda-forge
[conda] numpy                     1.26.4          py310hb13e2d6_0    conda-forge
[conda] pytorch                   2.2.0           py3.10_cuda12.1_cudnn8.9.2_0    pytorch
[conda] pytorch-cuda              12.1                 ha16c6d3_6    pytorch
[conda] pytorch-mutex             1.0                        cuda    pytorch
[conda] torchaudio                2.2.0               py310_cu121    pytorch
[conda] torchtriton               2.2.0                     py310    pytorch
[conda] torchvision               0.17.0              py310_cu121    pytorch
==========================================
Job started: Tue Sep  8 13:24:17 CEST 2026
Job ID: 15787867
Node: ggpu194
==========================================

Running:
python -u bart_detection.py --use_gpu --learning_rate 1.737021634565213e-05 --dropout 0.22933902174189658 --epochs 20 --patience 5 --classifier_hidden_size 1024 --weight_decay 0.02 --warmup_ratio 0.02 --batch_size 4 --loss BCE --pooling mean --max_length 512 --seed 11711 --disable_tqdm
Label matrix shape: (2730, 26)
Train samples: 2179
Dev samples: 551
/user/nirish.samant/u28445/.conda/envs/dnlp/lib/python3.10/site-packages/huggingface_hub/file_download.py:942: FutureWarning: `resume_download` is deprecated and will be removed in version 1.0.0. Downloads always resume when possible. If you want to force a new download, use `force_download=True`.
  warnings.warn(
Loaded 2179 training samples.
Epoch 1: Loss=0.5524, Train Acc=0.9063, Train MCC=0.0443, Dev Acc=0.8171, Dev MCC=0.1244
  -> New best Dev MCC: 0.1244
Epoch 2: Loss=0.4965, Train Acc=0.9025, Train MCC=0.1534, Dev Acc=0.8672, Dev MCC=0.1534
  -> New best Dev MCC: 0.1534
Epoch 3: Loss=0.4409, Train Acc=0.9135, Train MCC=0.3507, Dev Acc=0.8933, Dev MCC=0.1893
  -> New best Dev MCC: 0.1893
Epoch 4: Loss=0.3772, Train Acc=0.9262, Train MCC=0.4959, Dev Acc=0.8947, Dev MCC=0.2118
  -> New best Dev MCC: 0.2118
Epoch 5: Loss=0.3110, Train Acc=0.9374, Train MCC=0.6027, Dev Acc=0.9045, Dev MCC=0.2301
  -> New best Dev MCC: 0.2301
Epoch 6: Loss=0.2533, Train Acc=0.9451, Train MCC=0.7160, Dev Acc=0.9088, Dev MCC=0.2333
  -> New best Dev MCC: 0.2333
Epoch 7: Loss=0.2085, Train Acc=0.9590, Train MCC=0.7905, Dev Acc=0.9100, Dev MCC=0.2408
  -> New best Dev MCC: 0.2408
Epoch 8: Loss=0.1678, Train Acc=0.9660, Train MCC=0.8269, Dev Acc=0.9093, Dev MCC=0.2471
  -> New best Dev MCC: 0.2471
Epoch 9: Loss=0.1340, Train Acc=0.9661, Train MCC=0.8407, Dev Acc=0.9067, Dev MCC=0.2535
  -> New best Dev MCC: 0.2535
Epoch 10: Loss=0.1081, Train Acc=0.9745, Train MCC=0.8731, Dev Acc=0.9118, Dev MCC=0.2594
  -> New best Dev MCC: 0.2594
Epoch 11: Loss=0.0859, Train Acc=0.9802, Train MCC=0.8839, Dev Acc=0.9117, Dev MCC=0.2682
  -> New best Dev MCC: 0.2682
Epoch 12: Loss=0.0709, Train Acc=0.9851, Train MCC=0.9018, Dev Acc=0.9109, Dev MCC=0.2624
  -> No improvement in Dev MCC (1/5)
Epoch 13: Loss=0.0538, Train Acc=0.9878, Train MCC=0.9155, Dev Acc=0.9118, Dev MCC=0.2670
  -> No improvement in Dev MCC (2/5)
Epoch 14: Loss=0.0447, Train Acc=0.9907, Train MCC=0.9319, Dev Acc=0.9105, Dev MCC=0.2588
  -> No improvement in Dev MCC (3/5)
Epoch 15: Loss=0.0348, Train Acc=0.9888, Train MCC=0.9365, Dev Acc=0.9099, Dev MCC=0.2540
  -> No improvement in Dev MCC (4/5)
Epoch 16: Loss=0.0300, Train Acc=0.9926, Train MCC=0.9509, Dev Acc=0.9110, Dev MCC=0.2644
  -> No improvement in Dev MCC (5/5)
Early stopping triggered after 16 epochs.
Restoring best model with Dev MCC=0.2682
Training finished.
The accuracy of the model is: 0.912
Matthews Correlation Coefficient of the model is: 0.268
/user/nirish.samant/u28445/.conda/envs/dnlp/lib/python3.10/site-packages/huggingface_hub/file_download.py:942: FutureWarning: `resume_download` is deprecated and will be removed in version 1.0.0. Downloads always resume when possible. If you want to force a new download, use `force_download=True`.
  warnings.warn(
Trial 0 Dev MCC = 0.2680 Dev Accuracy = 0.9120

Running:
python -u bart_detection.py --use_gpu --learning_rate 4.8650821921205694e-05 --dropout 0.3296775453513757 --epochs 20 --patience 5 --classifier_hidden_size 1024 --weight_decay 0.02 --warmup_ratio 0.02 --batch_size 4 --loss BCE --pooling mean --max_length 512 --seed 11711 --disable_tqdm
Label matrix shape: (2730, 26)
Train samples: 2179
Dev samples: 551
/user/nirish.samant/u28445/.conda/envs/dnlp/lib/python3.10/site-packages/huggingface_hub/file_download.py:942: FutureWarning: `resume_download` is deprecated and will be removed in version 1.0.0. Downloads always resume when possible. If you want to force a new download, use `force_download=True`.
  warnings.warn(
Loaded 2179 training samples.
Epoch 1: Loss=0.5540, Train Acc=0.9046, Train MCC=0.0194, Dev Acc=0.7793, Dev MCC=0.0750
  -> New best Dev MCC: 0.0750
Epoch 2: Loss=0.5242, Train Acc=0.9021, Train MCC=0.0583, Dev Acc=0.6989, Dev MCC=0.0928
  -> New best Dev MCC: 0.0928
Epoch 3: Loss=0.4992, Train Acc=0.9066, Train MCC=0.0856, Dev Acc=0.8453, Dev MCC=0.1303
  -> New best Dev MCC: 0.1303
Epoch 4: Loss=0.4566, Train Acc=0.9075, Train MCC=0.2494, Dev Acc=0.8667, Dev MCC=0.1413
  -> New best Dev MCC: 0.1413
Epoch 5: Loss=0.3991, Train Acc=0.9187, Train MCC=0.4397, Dev Acc=0.8829, Dev MCC=0.1525
  -> New best Dev MCC: 0.1525
Epoch 6: Loss=0.3291, Train Acc=0.9225, Train MCC=0.5860, Dev Acc=0.8843, Dev MCC=0.1722
  -> New best Dev MCC: 0.1722
Epoch 7: Loss=0.2638, Train Acc=0.9448, Train MCC=0.6904, Dev Acc=0.8900, Dev MCC=0.1733
  -> New best Dev MCC: 0.1733
Epoch 8: Loss=0.1976, Train Acc=0.9562, Train MCC=0.7675, Dev Acc=0.8943, Dev MCC=0.1667
  -> No improvement in Dev MCC (1/5)
Epoch 9: Loss=0.1417, Train Acc=0.9663, Train MCC=0.8349, Dev Acc=0.8967, Dev MCC=0.1791
  -> New best Dev MCC: 0.1791
Epoch 10: Loss=0.1028, Train Acc=0.9759, Train MCC=0.8572, Dev Acc=0.8973, Dev MCC=0.1886
  -> New best Dev MCC: 0.1886
Epoch 11: Loss=0.0704, Train Acc=0.9792, Train MCC=0.8848, Dev Acc=0.8976, Dev MCC=0.1839
  -> No improvement in Dev MCC (1/5)
Epoch 12: Loss=0.0536, Train Acc=0.9830, Train MCC=0.9068, Dev Acc=0.9002, Dev MCC=0.2084
  -> New best Dev MCC: 0.2084
Epoch 13: Loss=0.0375, Train Acc=0.9855, Train MCC=0.9217, Dev Acc=0.8957, Dev MCC=0.1854
  -> No improvement in Dev MCC (1/5)
Epoch 14: Loss=0.0271, Train Acc=0.9922, Train MCC=0.9476, Dev Acc=0.8995, Dev MCC=0.2039
  -> No improvement in Dev MCC (2/5)
Epoch 15: Loss=0.0197, Train Acc=0.9939, Train MCC=0.9606, Dev Acc=0.9000, Dev MCC=0.2032
  -> No improvement in Dev MCC (3/5)
Epoch 16: Loss=0.0154, Train Acc=0.9950, Train MCC=0.9744, Dev Acc=0.8989, Dev MCC=0.2156
  -> New best Dev MCC: 0.2156
Epoch 17: Loss=0.0112, Train Acc=0.9969, Train MCC=0.9836, Dev Acc=0.9015, Dev MCC=0.2127
  -> No improvement in Dev MCC (1/5)
Epoch 18: Loss=0.0098, Train Acc=0.9985, Train MCC=0.9900, Dev Acc=0.9028, Dev MCC=0.2174
  -> New best Dev MCC: 0.2174
Epoch 19: Loss=0.0077, Train Acc=0.9992, Train MCC=0.9901, Dev Acc=0.9050, Dev MCC=0.2164
  -> No improvement in Dev MCC (1/5)
Epoch 20: Loss=0.0075, Train Acc=0.9995, Train MCC=0.9932, Dev Acc=0.9030, Dev MCC=0.2083
  -> No improvement in Dev MCC (2/5)
Restoring best model with Dev MCC=0.2174
Training finished.
The accuracy of the model is: 0.903
Matthews Correlation Coefficient of the model is: 0.217
/user/nirish.samant/u28445/.conda/envs/dnlp/lib/python3.10/site-packages/huggingface_hub/file_download.py:942: FutureWarning: `resume_download` is deprecated and will be removed in version 1.0.0. Downloads always resume when possible. If you want to force a new download, use `force_download=True`.
  warnings.warn(
Trial 1 Dev MCC = 0.2170 Dev Accuracy = 0.9030

Running:
python -u bart_detection.py --use_gpu --learning_rate 2.381495776814973e-05 --dropout 0.14076097639522567 --epochs 20 --patience 5 --classifier_hidden_size 1024 --weight_decay 0.02 --warmup_ratio 0.02 --batch_size 4 --loss BCE --pooling mean --max_length 512 --seed 11711 --disable_tqdm
Label matrix shape: (2730, 26)
Train samples: 2179
Dev samples: 551
/user/nirish.samant/u28445/.conda/envs/dnlp/lib/python3.10/site-packages/huggingface_hub/file_download.py:942: FutureWarning: `resume_download` is deprecated and will be removed in version 1.0.0. Downloads always resume when possible. If you want to force a new download, use `force_download=True`.
  warnings.warn(
Loaded 2179 training samples.
Epoch 1: Loss=0.5497, Train Acc=0.9065, Train MCC=0.0428, Dev Acc=0.7819, Dev MCC=0.1010
  -> New best Dev MCC: 0.1010
Epoch 2: Loss=0.5007, Train Acc=0.9112, Train MCC=0.1622, Dev Acc=0.8593, Dev MCC=0.1480
  -> New best Dev MCC: 0.1480
Epoch 3: Loss=0.4367, Train Acc=0.9166, Train MCC=0.3747, Dev Acc=0.8932, Dev MCC=0.1904
  -> New best Dev MCC: 0.1904
Epoch 4: Loss=0.3584, Train Acc=0.9292, Train MCC=0.5409, Dev Acc=0.8922, Dev MCC=0.1831
  -> No improvement in Dev MCC (1/5)
Epoch 5: Loss=0.2854, Train Acc=0.9415, Train MCC=0.7115, Dev Acc=0.9034, Dev MCC=0.2139
  -> New best Dev MCC: 0.2139
Epoch 6: Loss=0.2190, Train Acc=0.9592, Train MCC=0.7863, Dev Acc=0.9092, Dev MCC=0.2198
  -> New best Dev MCC: 0.2198
Epoch 7: Loss=0.1620, Train Acc=0.9668, Train MCC=0.8233, Dev Acc=0.9068, Dev MCC=0.2279
  -> New best Dev MCC: 0.2279
Epoch 8: Loss=0.1188, Train Acc=0.9755, Train MCC=0.8696, Dev Acc=0.9071, Dev MCC=0.2465
  -> New best Dev MCC: 0.2465
Epoch 9: Loss=0.0864, Train Acc=0.9852, Train MCC=0.9175, Dev Acc=0.9103, Dev MCC=0.2463
  -> No improvement in Dev MCC (1/5)
Epoch 10: Loss=0.0625, Train Acc=0.9897, Train MCC=0.9353, Dev Acc=0.9084, Dev MCC=0.2398
  -> No improvement in Dev MCC (2/5)
Epoch 11: Loss=0.0441, Train Acc=0.9899, Train MCC=0.9345, Dev Acc=0.9084, Dev MCC=0.2540
  -> New best Dev MCC: 0.2540
Epoch 12: Loss=0.0332, Train Acc=0.9932, Train MCC=0.9563, Dev Acc=0.9063, Dev MCC=0.2502
  -> No improvement in Dev MCC (1/5)
Epoch 13: Loss=0.0239, Train Acc=0.9945, Train MCC=0.9682, Dev Acc=0.9088, Dev MCC=0.2493
  -> No improvement in Dev MCC (2/5)
Epoch 14: Loss=0.0174, Train Acc=0.9978, Train MCC=0.9815, Dev Acc=0.9100, Dev MCC=0.2613
  -> New best Dev MCC: 0.2613
Epoch 15: Loss=0.0139, Train Acc=0.9975, Train MCC=0.9826, Dev Acc=0.9111, Dev MCC=0.2606
  -> No improvement in Dev MCC (1/5)
Epoch 16: Loss=0.0102, Train Acc=0.9985, Train MCC=0.9898, Dev Acc=0.9112, Dev MCC=0.2574
  -> No improvement in Dev MCC (2/5)
Epoch 17: Loss=0.0082, Train Acc=0.9993, Train MCC=0.9936, Dev Acc=0.9116, Dev MCC=0.2556
  -> No improvement in Dev MCC (3/5)
Epoch 18: Loss=0.0071, Train Acc=0.9995, Train MCC=0.9942, Dev Acc=0.9133, Dev MCC=0.2557
  -> No improvement in Dev MCC (4/5)
Epoch 19: Loss=0.0057, Train Acc=0.9996, Train MCC=0.9944, Dev Acc=0.9123, Dev MCC=0.2552
  -> No improvement in Dev MCC (5/5)
Early stopping triggered after 19 epochs.
Restoring best model with Dev MCC=0.2613
Training finished.
The accuracy of the model is: 0.910
Matthews Correlation Coefficient of the model is: 0.261
/user/nirish.samant/u28445/.conda/envs/dnlp/lib/python3.10/site-packages/huggingface_hub/file_download.py:942: FutureWarning: `resume_download` is deprecated and will be removed in version 1.0.0. Downloads always resume when possible. If you want to force a new download, use `force_download=True`.
  warnings.warn(
Trial 2 Dev MCC = 0.2610 Dev Accuracy = 0.9100

Running:
python -u bart_detection.py --use_gpu --learning_rate 3.879008803924832e-05 --dropout 0.3684725001877972 --epochs 20 --patience 5 --classifier_hidden_size 1024 --weight_decay 0.02 --warmup_ratio 0.02 --batch_size 4 --loss BCE --pooling mean --max_length 512 --seed 11711 --disable_tqdm
Label matrix shape: (2730, 26)
Train samples: 2179
Dev samples: 551
/user/nirish.samant/u28445/.conda/envs/dnlp/lib/python3.10/site-packages/huggingface_hub/file_download.py:942: FutureWarning: `resume_download` is deprecated and will be removed in version 1.0.0. Downloads always resume when possible. If you want to force a new download, use `force_download=True`.
  warnings.warn(
Loaded 2179 training samples.
Epoch 1: Loss=0.5548, Train Acc=0.9060, Train MCC=0.0250, Dev Acc=0.8304, Dev MCC=0.0840
  -> New best Dev MCC: 0.0840
Epoch 2: Loss=0.5204, Train Acc=0.9051, Train MCC=0.0488, Dev Acc=0.8380, Dev MCC=0.1107
  -> New best Dev MCC: 0.1107
Epoch 3: Loss=0.4943, Train Acc=0.9034, Train MCC=0.1303, Dev Acc=0.8677, Dev MCC=0.1434
  -> New best Dev MCC: 0.1434
Epoch 4: Loss=0.4506, Train Acc=0.9105, Train MCC=0.3003, Dev Acc=0.8535, Dev MCC=0.1626
  -> New best Dev MCC: 0.1626
Epoch 5: Loss=0.3823, Train Acc=0.9178, Train MCC=0.5145, Dev Acc=0.8880, Dev MCC=0.1720
  -> New best Dev MCC: 0.1720
Epoch 6: Loss=0.3158, Train Acc=0.9284, Train MCC=0.6294, Dev Acc=0.8933, Dev MCC=0.2005
  -> New best Dev MCC: 0.2005
Epoch 7: Loss=0.2474, Train Acc=0.9525, Train MCC=0.7424, Dev Acc=0.9025, Dev MCC=0.2143
  -> New best Dev MCC: 0.2143
Epoch 8: Loss=0.1850, Train Acc=0.9610, Train MCC=0.7967, Dev Acc=0.9038, Dev MCC=0.2172
  -> New best Dev MCC: 0.2172
Epoch 9: Loss=0.1386, Train Acc=0.9714, Train MCC=0.8356, Dev Acc=0.9025, Dev MCC=0.2088
  -> No improvement in Dev MCC (1/5)
Epoch 10: Loss=0.1036, Train Acc=0.9807, Train MCC=0.8819, Dev Acc=0.9036, Dev MCC=0.2172
  -> No improvement in Dev MCC (2/5)
Epoch 11: Loss=0.0743, Train Acc=0.9847, Train MCC=0.9058, Dev Acc=0.9023, Dev MCC=0.2246
  -> New best Dev MCC: 0.2246
Epoch 12: Loss=0.0571, Train Acc=0.9887, Train MCC=0.9218, Dev Acc=0.9036, Dev MCC=0.2329
  -> New best Dev MCC: 0.2329
Epoch 13: Loss=0.0410, Train Acc=0.9927, Train MCC=0.9430, Dev Acc=0.9060, Dev MCC=0.2322
  -> No improvement in Dev MCC (1/5)
Epoch 14: Loss=0.0299, Train Acc=0.9943, Train MCC=0.9527, Dev Acc=0.9066, Dev MCC=0.2284
  -> No improvement in Dev MCC (2/5)
Epoch 15: Loss=0.0236, Train Acc=0.9974, Train MCC=0.9664, Dev Acc=0.9075, Dev MCC=0.2327
  -> No improvement in Dev MCC (3/5)
Epoch 16: Loss=0.0183, Train Acc=0.9978, Train MCC=0.9715, Dev Acc=0.9056, Dev MCC=0.2197
  -> No improvement in Dev MCC (4/5)
Epoch 17: Loss=0.0146, Train Acc=0.9987, Train MCC=0.9857, Dev Acc=0.9085, Dev MCC=0.2272
  -> No improvement in Dev MCC (5/5)
Early stopping triggered after 17 epochs.
Restoring best model with Dev MCC=0.2329
Training finished.
The accuracy of the model is: 0.904
Matthews Correlation Coefficient of the model is: 0.233
/user/nirish.samant/u28445/.conda/envs/dnlp/lib/python3.10/site-packages/huggingface_hub/file_download.py:942: FutureWarning: `resume_download` is deprecated and will be removed in version 1.0.0. Downloads always resume when possible. If you want to force a new download, use `force_download=True`.
  warnings.warn(
Trial 3 Dev MCC = 0.2330 Dev Accuracy = 0.9040

Running:
python -u bart_detection.py --use_gpu --learning_rate 1.2125891932014711e-05 --dropout 0.36805736722079974 --epochs 20 --patience 5 --classifier_hidden_size 1024 --weight_decay 0.02 --warmup_ratio 0.02 --batch_size 4 --loss BCE --pooling mean --max_length 512 --seed 11711 --disable_tqdm
Label matrix shape: (2730, 26)
Train samples: 2179
Dev samples: 551
/user/nirish.samant/u28445/.conda/envs/dnlp/lib/python3.10/site-packages/huggingface_hub/file_download.py:942: FutureWarning: `resume_download` is deprecated and will be removed in version 1.0.0. Downloads always resume when possible. If you want to force a new download, use `force_download=True`.
  warnings.warn(
Loaded 2179 training samples.
Epoch 1: Loss=0.5613, Train Acc=0.9058, Train MCC=0.0303, Dev Acc=0.7578, Dev MCC=0.1011
  -> New best Dev MCC: 0.1011
Epoch 2: Loss=0.5138, Train Acc=0.9090, Train MCC=0.0864, Dev Acc=0.8385, Dev MCC=0.1430
  -> New best Dev MCC: 0.1430
Epoch 3: Loss=0.4683, Train Acc=0.9125, Train MCC=0.2127, Dev Acc=0.8848, Dev MCC=0.1698
  -> New best Dev MCC: 0.1698
Epoch 4: Loss=0.4138, Train Acc=0.9207, Train MCC=0.4002, Dev Acc=0.8958, Dev MCC=0.1929
  -> New best Dev MCC: 0.1929
Epoch 5: Loss=0.3667, Train Acc=0.9261, Train MCC=0.5164, Dev Acc=0.8998, Dev MCC=0.2053
  -> New best Dev MCC: 0.2053
Epoch 6: Loss=0.3189, Train Acc=0.9346, Train MCC=0.6378, Dev Acc=0.9000, Dev MCC=0.2029
  -> No improvement in Dev MCC (1/5)
Epoch 7: Loss=0.2756, Train Acc=0.9452, Train MCC=0.6973, Dev Acc=0.9049, Dev MCC=0.2152
  -> New best Dev MCC: 0.2152
Epoch 8: Loss=0.2376, Train Acc=0.9516, Train MCC=0.7342, Dev Acc=0.8987, Dev MCC=0.2126
  -> No improvement in Dev MCC (1/5)
Epoch 9: Loss=0.2042, Train Acc=0.9581, Train MCC=0.7764, Dev Acc=0.9069, Dev MCC=0.2260
  -> New best Dev MCC: 0.2260
Epoch 10: Loss=0.1773, Train Acc=0.9644, Train MCC=0.8165, Dev Acc=0.9050, Dev MCC=0.2283
  -> New best Dev MCC: 0.2283
Epoch 11: Loss=0.1490, Train Acc=0.9688, Train MCC=0.8240, Dev Acc=0.9014, Dev MCC=0.2294
  -> New best Dev MCC: 0.2294
Epoch 12: Loss=0.1307, Train Acc=0.9706, Train MCC=0.8282, Dev Acc=0.9024, Dev MCC=0.2363
  -> New best Dev MCC: 0.2363
Epoch 13: Loss=0.1112, Train Acc=0.9787, Train MCC=0.8714, Dev Acc=0.9075, Dev MCC=0.2404
  -> New best Dev MCC: 0.2404
Epoch 14: Loss=0.0971, Train Acc=0.9776, Train MCC=0.8651, Dev Acc=0.9066, Dev MCC=0.2374
  -> No improvement in Dev MCC (1/5)
Epoch 15: Loss=0.0865, Train Acc=0.9766, Train MCC=0.8845, Dev Acc=0.9060, Dev MCC=0.2349
  -> No improvement in Dev MCC (2/5)
Epoch 16: Loss=0.0765, Train Acc=0.9822, Train MCC=0.9006, Dev Acc=0.9074, Dev MCC=0.2287
  -> No improvement in Dev MCC (3/5)
Epoch 17: Loss=0.0676, Train Acc=0.9826, Train MCC=0.9078, Dev Acc=0.9079, Dev MCC=0.2370
  -> No improvement in Dev MCC (4/5)
Epoch 18: Loss=0.0620, Train Acc=0.9867, Train MCC=0.9172, Dev Acc=0.9086, Dev MCC=0.2362
  -> No improvement in Dev MCC (5/5)
Early stopping triggered after 18 epochs.
Restoring best model with Dev MCC=0.2404
Training finished.
The accuracy of the model is: 0.908
Matthews Correlation Coefficient of the model is: 0.240
/user/nirish.samant/u28445/.conda/envs/dnlp/lib/python3.10/site-packages/huggingface_hub/file_download.py:942: FutureWarning: `resume_download` is deprecated and will be removed in version 1.0.0. Downloads always resume when possible. If you want to force a new download, use `force_download=True`.
  warnings.warn(
Trial 4 Dev MCC = 0.2400 Dev Accuracy = 0.9080

Running:
python -u bart_detection.py --use_gpu --learning_rate 1.371958885746948e-05 --dropout 0.1263472735932242 --epochs 20 --patience 5 --classifier_hidden_size 1024 --weight_decay 0.02 --warmup_ratio 0.02 --batch_size 4 --loss BCE --pooling mean --max_length 512 --seed 11711 --disable_tqdm
Label matrix shape: (2730, 26)
Train samples: 2179
Dev samples: 551
/user/nirish.samant/u28445/.conda/envs/dnlp/lib/python3.10/site-packages/huggingface_hub/file_download.py:942: FutureWarning: `resume_download` is deprecated and will be removed in version 1.0.0. Downloads always resume when possible. If you want to force a new download, use `force_download=True`.
  warnings.warn(
Loaded 2179 training samples.
Epoch 1: Loss=0.5524, Train Acc=0.9063, Train MCC=0.0425, Dev Acc=0.8203, Dev MCC=0.1178
  -> New best Dev MCC: 0.1178
Epoch 2: Loss=0.4986, Train Acc=0.9057, Train MCC=0.0087, Dev Acc=0.7118, Dev MCC=0.0672
  -> No improvement in Dev MCC (1/5)
Epoch 3: Loss=0.4387, Train Acc=0.9150, Train MCC=0.3335, Dev Acc=0.8868, Dev MCC=0.1867
  -> New best Dev MCC: 0.1867
Epoch 4: Loss=0.3752, Train Acc=0.9252, Train MCC=0.4786, Dev Acc=0.8986, Dev MCC=0.1987
  -> New best Dev MCC: 0.1987
Epoch 5: Loss=0.3135, Train Acc=0.9335, Train MCC=0.5885, Dev Acc=0.9009, Dev MCC=0.2336
  -> New best Dev MCC: 0.2336
Epoch 6: Loss=0.2572, Train Acc=0.9442, Train MCC=0.7017, Dev Acc=0.9051, Dev MCC=0.2284
  -> No improvement in Dev MCC (1/5)
Epoch 7: Loss=0.2103, Train Acc=0.9567, Train MCC=0.7855, Dev Acc=0.9046, Dev MCC=0.2188
  -> No improvement in Dev MCC (2/5)
Epoch 8: Loss=0.1704, Train Acc=0.9646, Train MCC=0.8096, Dev Acc=0.9031, Dev MCC=0.2238
  -> No improvement in Dev MCC (3/5)
Epoch 9: Loss=0.1379, Train Acc=0.9686, Train MCC=0.8425, Dev Acc=0.9058, Dev MCC=0.2236
  -> No improvement in Dev MCC (4/5)
Epoch 10: Loss=0.1123, Train Acc=0.9781, Train MCC=0.8813, Dev Acc=0.9075, Dev MCC=0.2219
  -> No improvement in Dev MCC (5/5)
Early stopping triggered after 10 epochs.
Restoring best model with Dev MCC=0.2336
Training finished.
The accuracy of the model is: 0.901
Matthews Correlation Coefficient of the model is: 0.234
/user/nirish.samant/u28445/.conda/envs/dnlp/lib/python3.10/site-packages/huggingface_hub/file_download.py:942: FutureWarning: `resume_download` is deprecated and will be removed in version 1.0.0. Downloads always resume when possible. If you want to force a new download, use `force_download=True`.
  warnings.warn(
Trial 5 Dev MCC = 0.2340 Dev Accuracy = 0.9010

Running:
python -u bart_detection.py --use_gpu --learning_rate 4.4824698052877434e-05 --dropout 0.14081353293107687 --epochs 20 --patience 5 --classifier_hidden_size 1024 --weight_decay 0.02 --warmup_ratio 0.02 --batch_size 4 --loss BCE --pooling mean --max_length 512 --seed 11711 --disable_tqdm
Label matrix shape: (2730, 26)
Train samples: 2179
Dev samples: 551
/user/nirish.samant/u28445/.conda/envs/dnlp/lib/python3.10/site-packages/huggingface_hub/file_download.py:942: FutureWarning: `resume_download` is deprecated and will be removed in version 1.0.0. Downloads always resume when possible. If you want to force a new download, use `force_download=True`.
  warnings.warn(
Loaded 2179 training samples.
Epoch 1: Loss=0.5471, Train Acc=0.9041, Train MCC=0.0388, Dev Acc=0.7719, Dev MCC=0.0984
  -> New best Dev MCC: 0.0984
Epoch 2: Loss=0.5101, Train Acc=0.9047, Train MCC=0.0948, Dev Acc=0.8313, Dev MCC=0.1319
  -> New best Dev MCC: 0.1319
Epoch 3: Loss=0.4624, Train Acc=0.9073, Train MCC=0.2527, Dev Acc=0.8569, Dev MCC=0.1258
  -> No improvement in Dev MCC (1/5)
Epoch 4: Loss=0.3884, Train Acc=0.9190, Train MCC=0.4377, Dev Acc=0.8869, Dev MCC=0.1732
  -> New best Dev MCC: 0.1732
Epoch 5: Loss=0.3027, Train Acc=0.9341, Train MCC=0.6538, Dev Acc=0.8960, Dev MCC=0.2040
  -> New best Dev MCC: 0.2040
Epoch 6: Loss=0.2197, Train Acc=0.9471, Train MCC=0.7469, Dev Acc=0.9021, Dev MCC=0.2119
  -> New best Dev MCC: 0.2119
Epoch 7: Loss=0.1553, Train Acc=0.9655, Train MCC=0.8102, Dev Acc=0.9012, Dev MCC=0.1931
  -> No improvement in Dev MCC (1/5)
Epoch 8: Loss=0.1069, Train Acc=0.9776, Train MCC=0.8752, Dev Acc=0.9046, Dev MCC=0.2044
  -> No improvement in Dev MCC (2/5)
Epoch 9: Loss=0.0763, Train Acc=0.9839, Train MCC=0.9024, Dev Acc=0.9040, Dev MCC=0.2316
  -> New best Dev MCC: 0.2316
Epoch 10: Loss=0.0550, Train Acc=0.9877, Train MCC=0.9328, Dev Acc=0.9026, Dev MCC=0.2295
  -> No improvement in Dev MCC (1/5)
Epoch 11: Loss=0.0371, Train Acc=0.9915, Train MCC=0.9440, Dev Acc=0.9024, Dev MCC=0.2201
  -> No improvement in Dev MCC (2/5)
Epoch 12: Loss=0.0257, Train Acc=0.9927, Train MCC=0.9597, Dev Acc=0.9058, Dev MCC=0.2342
  -> New best Dev MCC: 0.2342
Epoch 13: Loss=0.0192, Train Acc=0.9952, Train MCC=0.9744, Dev Acc=0.9041, Dev MCC=0.2204
  -> No improvement in Dev MCC (1/5)
Epoch 14: Loss=0.0131, Train Acc=0.9972, Train MCC=0.9867, Dev Acc=0.9044, Dev MCC=0.2360
  -> New best Dev MCC: 0.2360
Epoch 15: Loss=0.0100, Train Acc=0.9985, Train MCC=0.9881, Dev Acc=0.9069, Dev MCC=0.2299
  -> No improvement in Dev MCC (1/5)
Epoch 16: Loss=0.0083, Train Acc=0.9991, Train MCC=0.9942, Dev Acc=0.9054, Dev MCC=0.2230
  -> No improvement in Dev MCC (2/5)
Epoch 17: Loss=0.0059, Train Acc=0.9995, Train MCC=0.9965, Dev Acc=0.9049, Dev MCC=0.2435
  -> New best Dev MCC: 0.2435
Epoch 18: Loss=0.0041, Train Acc=0.9997, Train MCC=0.9956, Dev Acc=0.9056, Dev MCC=0.2379
  -> No improvement in Dev MCC (1/5)
Epoch 19: Loss=0.0041, Train Acc=0.9998, Train MCC=0.9966, Dev Acc=0.9072, Dev MCC=0.2323
  -> No improvement in Dev MCC (2/5)
Epoch 20: Loss=0.0028, Train Acc=0.9999, Train MCC=0.9968, Dev Acc=0.9079, Dev MCC=0.2399
  -> No improvement in Dev MCC (3/5)
Restoring best model with Dev MCC=0.2435
Training finished.
The accuracy of the model is: 0.905
Matthews Correlation Coefficient of the model is: 0.244
/user/nirish.samant/u28445/.conda/envs/dnlp/lib/python3.10/site-packages/huggingface_hub/file_download.py:942: FutureWarning: `resume_download` is deprecated and will be removed in version 1.0.0. Downloads always resume when possible. If you want to force a new download, use `force_download=True`.
  warnings.warn(
Trial 6 Dev MCC = 0.2440 Dev Accuracy = 0.9050

Running:
python -u bart_detection.py --use_gpu --learning_rate 1.8402795652540487e-05 --dropout 0.2105285588390351 --epochs 20 --patience 5 --classifier_hidden_size 1024 --weight_decay 0.02 --warmup_ratio 0.02 --batch_size 4 --loss BCE --pooling mean --max_length 512 --seed 11711 --disable_tqdm
Label matrix shape: (2730, 26)
Train samples: 2179
Dev samples: 551
/user/nirish.samant/u28445/.conda/envs/dnlp/lib/python3.10/site-packages/huggingface_hub/file_download.py:942: FutureWarning: `resume_download` is deprecated and will be removed in version 1.0.0. Downloads always resume when possible. If you want to force a new download, use `force_download=True`.
  warnings.warn(
Loaded 2179 training samples.
Epoch 1: Loss=0.5514, Train Acc=0.9050, Train MCC=0.0094, Dev Acc=0.6738, Dev MCC=0.0555
  -> New best Dev MCC: 0.0555
Epoch 2: Loss=0.4936, Train Acc=0.9062, Train MCC=0.1623, Dev Acc=0.8652, Dev MCC=0.1671
  -> New best Dev MCC: 0.1671
Epoch 3: Loss=0.4352, Train Acc=0.9165, Train MCC=0.3455, Dev Acc=0.8909, Dev MCC=0.1966
  -> New best Dev MCC: 0.1966
Epoch 4: Loss=0.3650, Train Acc=0.9269, Train MCC=0.5298, Dev Acc=0.8957, Dev MCC=0.2148
  -> New best Dev MCC: 0.2148
Epoch 5: Loss=0.2997, Train Acc=0.9412, Train MCC=0.6665, Dev Acc=0.8950, Dev MCC=0.2176
  -> New best Dev MCC: 0.2176
Epoch 6: Loss=0.2403, Train Acc=0.9519, Train MCC=0.7568, Dev Acc=0.9046, Dev MCC=0.2256
  -> New best Dev MCC: 0.2256
Epoch 7: Loss=0.1924, Train Acc=0.9636, Train MCC=0.8108, Dev Acc=0.9046, Dev MCC=0.2398
  -> New best Dev MCC: 0.2398
Epoch 8: Loss=0.1514, Train Acc=0.9734, Train MCC=0.8498, Dev Acc=0.9097, Dev MCC=0.2361
  -> No improvement in Dev MCC (1/5)
Epoch 9: Loss=0.1153, Train Acc=0.9781, Train MCC=0.8578, Dev Acc=0.9097, Dev MCC=0.2437
  -> New best Dev MCC: 0.2437
Epoch 10: Loss=0.0888, Train Acc=0.9821, Train MCC=0.8976, Dev Acc=0.9089, Dev MCC=0.2469
  -> New best Dev MCC: 0.2469
Epoch 11: Loss=0.0664, Train Acc=0.9834, Train MCC=0.9052, Dev Acc=0.9077, Dev MCC=0.2582
  -> New best Dev MCC: 0.2582
Epoch 12: Loss=0.0513, Train Acc=0.9876, Train MCC=0.9250, Dev Acc=0.9083, Dev MCC=0.2533
  -> No improvement in Dev MCC (1/5)
Epoch 13: Loss=0.0398, Train Acc=0.9914, Train MCC=0.9397, Dev Acc=0.9088, Dev MCC=0.2517
  -> No improvement in Dev MCC (2/5)
Epoch 14: Loss=0.0316, Train Acc=0.9952, Train MCC=0.9618, Dev Acc=0.9112, Dev MCC=0.2555
  -> No improvement in Dev MCC (3/5)
Epoch 15: Loss=0.0240, Train Acc=0.9941, Train MCC=0.9652, Dev Acc=0.9090, Dev MCC=0.2492
  -> No improvement in Dev MCC (4/5)
Epoch 16: Loss=0.0203, Train Acc=0.9962, Train MCC=0.9757, Dev Acc=0.9113, Dev MCC=0.2591
  -> New best Dev MCC: 0.2591
Epoch 17: Loss=0.0160, Train Acc=0.9980, Train MCC=0.9838, Dev Acc=0.9107, Dev MCC=0.2547
  -> No improvement in Dev MCC (1/5)
Epoch 18: Loss=0.0141, Train Acc=0.9990, Train MCC=0.9873, Dev Acc=0.9111, Dev MCC=0.2572
  -> No improvement in Dev MCC (2/5)
Epoch 19: Loss=0.0122, Train Acc=0.9992, Train MCC=0.9881, Dev Acc=0.9114, Dev MCC=0.2482
  -> No improvement in Dev MCC (3/5)
Epoch 20: Loss=0.0109, Train Acc=0.9994, Train MCC=0.9904, Dev Acc=0.9110, Dev MCC=0.2488
  -> No improvement in Dev MCC (4/5)
Restoring best model with Dev MCC=0.2591
Training finished.
The accuracy of the model is: 0.911
Matthews Correlation Coefficient of the model is: 0.259
/user/nirish.samant/u28445/.conda/envs/dnlp/lib/python3.10/site-packages/huggingface_hub/file_download.py:942: FutureWarning: `resume_download` is deprecated and will be removed in version 1.0.0. Downloads always resume when possible. If you want to force a new download, use `force_download=True`.
  warnings.warn(
Trial 7 Dev MCC = 0.2590 Dev Accuracy = 0.9110

Running:
python -u bart_detection.py --use_gpu --learning_rate 2.5915716767633834e-05 --dropout 0.19544654532520622 --epochs 20 --patience 5 --classifier_hidden_size 1024 --weight_decay 0.02 --warmup_ratio 0.02 --batch_size 4 --loss BCE --pooling mean --max_length 512 --seed 11711 --disable_tqdm
Label matrix shape: (2730, 26)
Train samples: 2179
Dev samples: 551
/user/nirish.samant/u28445/.conda/envs/dnlp/lib/python3.10/site-packages/huggingface_hub/file_download.py:942: FutureWarning: `resume_download` is deprecated and will be removed in version 1.0.0. Downloads always resume when possible. If you want to force a new download, use `force_download=True`.
  warnings.warn(
Loaded 2179 training samples.
Epoch 1: Loss=0.5503, Train Acc=0.9066, Train MCC=0.0408, Dev Acc=0.7663, Dev MCC=0.1163
  -> New best Dev MCC: 0.1163
Epoch 2: Loss=0.5002, Train Acc=0.9082, Train MCC=0.1521, Dev Acc=0.8150, Dev MCC=0.1563
  -> New best Dev MCC: 0.1563
Epoch 3: Loss=0.4382, Train Acc=0.9133, Train MCC=0.3421, Dev Acc=0.8919, Dev MCC=0.2109
  -> New best Dev MCC: 0.2109
Epoch 4: Loss=0.3584, Train Acc=0.9284, Train MCC=0.5586, Dev Acc=0.9031, Dev MCC=0.2393
  -> New best Dev MCC: 0.2393
Epoch 5: Loss=0.2900, Train Acc=0.9385, Train MCC=0.6628, Dev Acc=0.9069, Dev MCC=0.2491
  -> New best Dev MCC: 0.2491
Epoch 6: Loss=0.2261, Train Acc=0.9531, Train MCC=0.7532, Dev Acc=0.9081, Dev MCC=0.2555
  -> New best Dev MCC: 0.2555
Epoch 7: Loss=0.1714, Train Acc=0.9680, Train MCC=0.8144, Dev Acc=0.9063, Dev MCC=0.2497
  -> No improvement in Dev MCC (1/5)
Epoch 8: Loss=0.1287, Train Acc=0.9745, Train MCC=0.8536, Dev Acc=0.9103, Dev MCC=0.2651
  -> New best Dev MCC: 0.2651
Epoch 9: Loss=0.0954, Train Acc=0.9832, Train MCC=0.8919, Dev Acc=0.9109, Dev MCC=0.2708
  -> New best Dev MCC: 0.2708
Epoch 10: Loss=0.0722, Train Acc=0.9864, Train MCC=0.9150, Dev Acc=0.9116, Dev MCC=0.2636
  -> No improvement in Dev MCC (1/5)
Epoch 11: Loss=0.0534, Train Acc=0.9877, Train MCC=0.9182, Dev Acc=0.9100, Dev MCC=0.2781
  -> New best Dev MCC: 0.2781
Epoch 12: Loss=0.0405, Train Acc=0.9934, Train MCC=0.9429, Dev Acc=0.9111, Dev MCC=0.2616
  -> No improvement in Dev MCC (1/5)
Epoch 13: Loss=0.0298, Train Acc=0.9954, Train MCC=0.9552, Dev Acc=0.9097, Dev MCC=0.2662
  -> No improvement in Dev MCC (2/5)
Epoch 14: Loss=0.0221, Train Acc=0.9964, Train MCC=0.9654, Dev Acc=0.9106, Dev MCC=0.2568
  -> No improvement in Dev MCC (3/5)
Epoch 15: Loss=0.0172, Train Acc=0.9964, Train MCC=0.9739, Dev Acc=0.9088, Dev MCC=0.2491
  -> No improvement in Dev MCC (4/5)
Epoch 16: Loss=0.0137, Train Acc=0.9965, Train MCC=0.9761, Dev Acc=0.9102, Dev MCC=0.2549
  -> No improvement in Dev MCC (5/5)
Early stopping triggered after 16 epochs.
Restoring best model with Dev MCC=0.2781
Training finished.
The accuracy of the model is: 0.910
Matthews Correlation Coefficient of the model is: 0.278
/user/nirish.samant/u28445/.conda/envs/dnlp/lib/python3.10/site-packages/huggingface_hub/file_download.py:942: FutureWarning: `resume_download` is deprecated and will be removed in version 1.0.0. Downloads always resume when possible. If you want to force a new download, use `force_download=True`.
  warnings.warn(
Trial 8 Dev MCC = 0.2780 Dev Accuracy = 0.9100

Running:
python -u bart_detection.py --use_gpu --learning_rate 9.825757441128734e-06 --dropout 0.33719161405687426 --epochs 20 --patience 5 --classifier_hidden_size 1024 --weight_decay 0.02 --warmup_ratio 0.02 --batch_size 4 --loss BCE --pooling mean --max_length 512 --seed 11711 --disable_tqdm
Label matrix shape: (2730, 26)
Train samples: 2179
Dev samples: 551
/user/nirish.samant/u28445/.conda/envs/dnlp/lib/python3.10/site-packages/huggingface_hub/file_download.py:942: FutureWarning: `resume_download` is deprecated and will be removed in version 1.0.0. Downloads always resume when possible. If you want to force a new download, use `force_download=True`.
  warnings.warn(
Loaded 2179 training samples.
Epoch 1: Loss=0.5617, Train Acc=0.9061, Train MCC=0.0286, Dev Acc=0.7312, Dev MCC=0.0939
  -> New best Dev MCC: 0.0939
Epoch 2: Loss=0.5142, Train Acc=0.9090, Train MCC=0.0737, Dev Acc=0.8238, Dev MCC=0.1345
  -> New best Dev MCC: 0.1345
Epoch 3: Loss=0.4743, Train Acc=0.9116, Train MCC=0.1851, Dev Acc=0.8466, Dev MCC=0.1688
  -> New best Dev MCC: 0.1688
Epoch 4: Loss=0.4247, Train Acc=0.9178, Train MCC=0.3270, Dev Acc=0.8719, Dev MCC=0.1602
  -> No improvement in Dev MCC (1/5)
Epoch 5: Loss=0.3832, Train Acc=0.9220, Train MCC=0.4648, Dev Acc=0.8775, Dev MCC=0.1704
  -> New best Dev MCC: 0.1704
Epoch 6: Loss=0.3399, Train Acc=0.9315, Train MCC=0.5791, Dev Acc=0.8983, Dev MCC=0.1884
  -> New best Dev MCC: 0.1884
Epoch 7: Loss=0.2975, Train Acc=0.9386, Train MCC=0.6695, Dev Acc=0.8963, Dev MCC=0.1902
  -> New best Dev MCC: 0.1902
Epoch 8: Loss=0.2611, Train Acc=0.9460, Train MCC=0.7191, Dev Acc=0.8991, Dev MCC=0.1956
  -> New best Dev MCC: 0.1956
Epoch 9: Loss=0.2284, Train Acc=0.9520, Train MCC=0.7513, Dev Acc=0.8943, Dev MCC=0.2000
  -> New best Dev MCC: 0.2000
Epoch 10: Loss=0.2033, Train Acc=0.9604, Train MCC=0.7999, Dev Acc=0.9003, Dev MCC=0.2018
  -> New best Dev MCC: 0.2018
Epoch 11: Loss=0.1749, Train Acc=0.9649, Train MCC=0.8174, Dev Acc=0.9030, Dev MCC=0.2084
  -> New best Dev MCC: 0.2084
Epoch 12: Loss=0.1558, Train Acc=0.9660, Train MCC=0.8206, Dev Acc=0.8959, Dev MCC=0.2044
  -> No improvement in Dev MCC (1/5)
Epoch 13: Loss=0.1346, Train Acc=0.9728, Train MCC=0.8531, Dev Acc=0.8996, Dev MCC=0.1970
  -> No improvement in Dev MCC (2/5)
Epoch 14: Loss=0.1195, Train Acc=0.9760, Train MCC=0.8703, Dev Acc=0.8998, Dev MCC=0.2007
  -> No improvement in Dev MCC (3/5)
Epoch 15: Loss=0.1056, Train Acc=0.9786, Train MCC=0.8850, Dev Acc=0.8996, Dev MCC=0.1940
  -> No improvement in Dev MCC (4/5)
Epoch 16: Loss=0.0950, Train Acc=0.9793, Train MCC=0.8881, Dev Acc=0.8992, Dev MCC=0.1958
  -> No improvement in Dev MCC (5/5)
Early stopping triggered after 16 epochs.
Restoring best model with Dev MCC=0.2084
Training finished.
The accuracy of the model is: 0.903
Matthews Correlation Coefficient of the model is: 0.208
/user/nirish.samant/u28445/.conda/envs/dnlp/lib/python3.10/site-packages/huggingface_hub/file_download.py:942: FutureWarning: `resume_download` is deprecated and will be removed in version 1.0.0. Downloads always resume when possible. If you want to force a new download, use `force_download=True`.
  warnings.warn(
Trial 9 Dev MCC = 0.2080 Dev Accuracy = 0.9030

Running:
python -u bart_detection.py --use_gpu --learning_rate 5.173042169238303e-06 --dropout 0.2603589135549662 --epochs 20 --patience 5 --classifier_hidden_size 1024 --weight_decay 0.02 --warmup_ratio 0.02 --batch_size 4 --loss BCE --pooling mean --max_length 512 --seed 11711 --disable_tqdm
Label matrix shape: (2730, 26)
Train samples: 2179
Dev samples: 551
/user/nirish.samant/u28445/.conda/envs/dnlp/lib/python3.10/site-packages/huggingface_hub/file_download.py:942: FutureWarning: `resume_download` is deprecated and will be removed in version 1.0.0. Downloads always resume when possible. If you want to force a new download, use `force_download=True`.
  warnings.warn(
Loaded 2179 training samples.
Epoch 1: Loss=0.5676, Train Acc=0.9054, Train MCC=0.0042, Dev Acc=0.6959, Dev MCC=0.0768
  -> New best Dev MCC: 0.0768
Epoch 2: Loss=0.5245, Train Acc=0.9059, Train MCC=0.0429, Dev Acc=0.7881, Dev MCC=0.1331
  -> New best Dev MCC: 0.1331
Epoch 3: Loss=0.4994, Train Acc=0.9067, Train MCC=0.0761, Dev Acc=0.8399, Dev MCC=0.1525
  -> New best Dev MCC: 0.1525
Epoch 4: Loss=0.4670, Train Acc=0.9106, Train MCC=0.1640, Dev Acc=0.8760, Dev MCC=0.1516
  -> No improvement in Dev MCC (1/5)
Epoch 5: Loss=0.4364, Train Acc=0.9140, Train MCC=0.2923, Dev Acc=0.8817, Dev MCC=0.1843
  -> New best Dev MCC: 0.1843
Epoch 6: Loss=0.4045, Train Acc=0.9179, Train MCC=0.3589, Dev Acc=0.8736, Dev MCC=0.1713
  -> No improvement in Dev MCC (1/5)
Epoch 7: Loss=0.3752, Train Acc=0.9228, Train MCC=0.4640, Dev Acc=0.8850, Dev MCC=0.1691
  -> No improvement in Dev MCC (2/5)
Epoch 8: Loss=0.3479, Train Acc=0.9259, Train MCC=0.5009, Dev Acc=0.8816, Dev MCC=0.1681
  -> No improvement in Dev MCC (3/5)
Epoch 9: Loss=0.3243, Train Acc=0.9315, Train MCC=0.5913, Dev Acc=0.8896, Dev MCC=0.1687
  -> No improvement in Dev MCC (4/5)
Epoch 10: Loss=0.3000, Train Acc=0.9369, Train MCC=0.6386, Dev Acc=0.8946, Dev MCC=0.1736
  -> No improvement in Dev MCC (5/5)
Early stopping triggered after 10 epochs.
Restoring best model with Dev MCC=0.1843
Training finished.
The accuracy of the model is: 0.882
Matthews Correlation Coefficient of the model is: 0.184
/user/nirish.samant/u28445/.conda/envs/dnlp/lib/python3.10/site-packages/huggingface_hub/file_download.py:942: FutureWarning: `resume_download` is deprecated and will be removed in version 1.0.0. Downloads always resume when possible. If you want to force a new download, use `force_download=True`.
  warnings.warn(
Trial 10 Dev MCC = 0.1840 Dev Accuracy = 0.8820

Running:
python -u bart_detection.py --use_gpu --learning_rate 2.640327694445439e-05 --dropout 0.23010338612707992 --epochs 20 --patience 5 --classifier_hidden_size 1024 --weight_decay 0.02 --warmup_ratio 0.02 --batch_size 4 --loss BCE --pooling mean --max_length 512 --seed 11711 --disable_tqdm
Label matrix shape: (2730, 26)
Train samples: 2179
Dev samples: 551
/user/nirish.samant/u28445/.conda/envs/dnlp/lib/python3.10/site-packages/huggingface_hub/file_download.py:942: FutureWarning: `resume_download` is deprecated and will be removed in version 1.0.0. Downloads always resume when possible. If you want to force a new download, use `force_download=True`.
  warnings.warn(
Loaded 2179 training samples.
Epoch 1: Loss=0.5485, Train Acc=0.9058, Train MCC=0.0432, Dev Acc=0.8170, Dev MCC=0.1134
  -> New best Dev MCC: 0.1134
Epoch 2: Loss=0.4974, Train Acc=0.9095, Train MCC=0.1646, Dev Acc=0.8265, Dev MCC=0.1741
  -> New best Dev MCC: 0.1741
Epoch 3: Loss=0.4361, Train Acc=0.9180, Train MCC=0.3300, Dev Acc=0.8917, Dev MCC=0.1850
  -> New best Dev MCC: 0.1850
Epoch 4: Loss=0.3612, Train Acc=0.9285, Train MCC=0.5300, Dev Acc=0.8990, Dev MCC=0.2043
  -> New best Dev MCC: 0.2043
Epoch 5: Loss=0.2923, Train Acc=0.9395, Train MCC=0.6729, Dev Acc=0.9040, Dev MCC=0.2429
  -> New best Dev MCC: 0.2429
Epoch 6: Loss=0.2341, Train Acc=0.9530, Train MCC=0.7652, Dev Acc=0.9086, Dev MCC=0.2391
  -> No improvement in Dev MCC (1/5)
Epoch 7: Loss=0.1797, Train Acc=0.9649, Train MCC=0.8249, Dev Acc=0.9100, Dev MCC=0.2569
  -> New best Dev MCC: 0.2569
Epoch 8: Loss=0.1370, Train Acc=0.9752, Train MCC=0.8489, Dev Acc=0.9102, Dev MCC=0.2642
  -> New best Dev MCC: 0.2642
Epoch 9: Loss=0.1031, Train Acc=0.9740, Train MCC=0.8586, Dev Acc=0.9088, Dev MCC=0.2641
  -> No improvement in Dev MCC (1/5)
Epoch 10: Loss=0.0760, Train Acc=0.9863, Train MCC=0.9037, Dev Acc=0.9111, Dev MCC=0.2672
  -> New best Dev MCC: 0.2672
Epoch 11: Loss=0.0565, Train Acc=0.9893, Train MCC=0.9138, Dev Acc=0.9119, Dev MCC=0.2723
  -> New best Dev MCC: 0.2723
Epoch 12: Loss=0.0439, Train Acc=0.9917, Train MCC=0.9282, Dev Acc=0.9097, Dev MCC=0.2682
  -> No improvement in Dev MCC (1/5)
Epoch 13: Loss=0.0312, Train Acc=0.9934, Train MCC=0.9435, Dev Acc=0.9103, Dev MCC=0.2677
  -> No improvement in Dev MCC (2/5)
Epoch 14: Loss=0.0253, Train Acc=0.9960, Train MCC=0.9593, Dev Acc=0.9137, Dev MCC=0.2707
  -> No improvement in Dev MCC (3/5)
Epoch 15: Loss=0.0191, Train Acc=0.9965, Train MCC=0.9721, Dev Acc=0.9123, Dev MCC=0.2657
  -> No improvement in Dev MCC (4/5)
Epoch 16: Loss=0.0158, Train Acc=0.9979, Train MCC=0.9828, Dev Acc=0.9125, Dev MCC=0.2619
  -> No improvement in Dev MCC (5/5)
Early stopping triggered after 16 epochs.
Restoring best model with Dev MCC=0.2723
Training finished.
The accuracy of the model is: 0.912
Matthews Correlation Coefficient of the model is: 0.272
/user/nirish.samant/u28445/.conda/envs/dnlp/lib/python3.10/site-packages/huggingface_hub/file_download.py:942: FutureWarning: `resume_download` is deprecated and will be removed in version 1.0.0. Downloads always resume when possible. If you want to force a new download, use `force_download=True`.
  warnings.warn(
Trial 11 Dev MCC = 0.2720 Dev Accuracy = 0.9120

============================================================
BEST TRIAL
============================================================
Best Dev MCC: 0.2780
Dev Accuracy: 0.9100

Best hyperparameters:
learning_rate: 2.5915716767633834e-05
dropout: 0.19544654532520622
==========================================
Job finished: Wed Sep  9 13:55:21 CEST 2026
==========================================
============ Job Information ===================================================
Submitted: 2026-09-08T13:22:27
Started: 2026-09-08T13:23:40
Ended: 2026-09-09T13:55:22
Elapsed: 1472 min, Limit: 2880 min, Difference: 1408 min
CPUs: 8, Nodes: 1
Estimated credit Consumption: 98.13 core-hours
================================================================================
