Submitting job with sbatch from directory: /mnt/vast-nhr/home/nirish.samant/u28445/dnlp
Home directory: /user/nirish.samant/u28445
Working directory: /mnt/vast-nhr/home/nirish.samant/u28445/dnlp
Current node: ggpu193
Python 3.10.20
Collecting environment information...
PyTorch version: 2.2.0
Is debug build: False
CUDA used to build PyTorch: 12.1
ROCM used to build PyTorch: N/A

OS: AlmaLinux 10.2 (Lavender Lion) (x86_64)
GCC version: (GCC) 14.3.1 20251022 (Red Hat 14.3.1-4)
Clang version: Could not collect
CMake version: version 3.31.8
Libc version: glibc-2.39

Python version: 3.10.20 | packaged by conda-forge | (main, Jun 11 2026, 03:31:56) [GCC 14.3.0] (64-bit runtime)
Python platform: Linux-6.12.0-211.49.1.el10_2.x86_64-x86_64-with-glibc2.39
Is CUDA available: True
CUDA runtime version: Could not collect
CUDA_MODULE_LOADING set to: LAZY
GPU models and configuration: GPU 0: NVIDIA A100-SXM4-80GB
Nvidia driver version: 580.159.04
cuDNN version: Could not collect
HIP runtime version: N/A
MIOpen runtime version: N/A
Is XNNPACK available: True

CPU:
Architecture:                            x86_64
CPU op-mode(s):                          32-bit, 64-bit
Address sizes:                           48 bits physical, 48 bits virtual
Byte Order:                              Little Endian
CPU(s):                                  128
On-line CPU(s) list:                     0-127
Vendor ID:                               AuthenticAMD
Model name:                              AMD EPYC 7513 32-Core Processor
CPU family:                              25
Model:                                   1
Thread(s) per core:                      2
Core(s) per socket:                      32
Socket(s):                               2
Stepping:                                1
Frequency boost:                         enabled
CPU(s) scaling MHz:                      73%
CPU max MHz:                             3681.6399
CPU min MHz:                             1500.0000
BogoMIPS:                                5200.18
Flags:                                   fpu vme de pse tsc msr pae mce cx8 apic sep mtrr pge mca cmov pat pse36 clflush mmx fxsr sse sse2 ht syscall nx mmxext fxsr_opt pdpe1gb rdtscp lm constant_tsc rep_good nopl xtopology nonstop_tsc cpuid extd_apicid aperfmperf rapl pni pclmulqdq monitor ssse3 fma cx16 pcid sse4_1 sse4_2 movbe popcnt aes xsave avx f16c rdrand lahf_lm cmp_legacy extapic cr8_legacy abm sse4a misalignsse 3dnowprefetch osvw ibs skinit wdt tce topoext perfctr_core perfctr_nb bpext perfctr_llc mwaitx cpb cat_l3 cdp_l3 hw_pstate ssbd mba ibrs ibpb stibp vmmcall fsgsbase bmi1 avx2 smep bmi2 erms invpcid cqm rdt_a rdseed adx smap clflushopt clwb sha_ni xsaveopt xsavec xgetbv1 xsaves cqm_llc cqm_occup_llc cqm_mbm_total cqm_mbm_local user_shstk clzero irperf xsaveerptr rdpru wbnoinvd amd_ppin brs arat npt lbrv svm_lock nrip_save tsc_scale vmcb_clean flushbyasid decodeassists pausefilter pfthreshold v_vmsave_vmload vgif v_spec_ctrl umip pku ospke vaes vpclmulqdq rdpid overflow_recov succor smca fsrm debug_swap
L1d cache:                               2 MiB (64 instances)
L1i cache:                               2 MiB (64 instances)
L2 cache:                                32 MiB (64 instances)
L3 cache:                                256 MiB (8 instances)
NUMA node(s):                            2
NUMA node0 CPU(s):                       0-31,64-95
NUMA node1 CPU(s):                       32-63,96-127
Vulnerability Gather data sampling:      Not affected
Vulnerability Indirect target selection: Not affected
Vulnerability Itlb multihit:             Not affected
Vulnerability L1tf:                      Not affected
Vulnerability Mds:                       Not affected
Vulnerability Meltdown:                  Not affected
Vulnerability Mmio stale data:           Not affected
Vulnerability Old microcode:             Not affected
Vulnerability Reg file data sampling:    Not affected
Vulnerability Retbleed:                  Not affected
Vulnerability Spec rstack overflow:      Vulnerable: Safe RET, no microcode
Vulnerability Spec store bypass:         Mitigation; Speculative Store Bypass disabled via prctl
Vulnerability Spectre v1:                Mitigation; usercopy/swapgs barriers and __user pointer sanitization
Vulnerability Spectre v2:                Mitigation; Retpolines; IBPB conditional; IBRS_FW; STIBP always-on; RSB filling; PBRSB-eIBRS Not affected; BHI Not affected
Vulnerability Srbds:                     Not affected
Vulnerability Tsa:                       Vulnerable: No microcode
Vulnerability Tsx async abort:           Not affected
Vulnerability Vmscape:                   Mitigation; IBPB before exit to userspace

Versions of relevant libraries:
[pip3] numpy==1.26.4
[pip3] torch==2.2.0
[pip3] torchaudio==2.2.0
[pip3] torchvision==0.17.0
[pip3] triton==2.2.0
[conda] blas                      2.108                       mkl    conda-forge
[conda] blas-devel                3.9.0                     8_mkl    conda-forge
[conda] libblas                   3.9.0                     8_mkl    conda-forge
[conda] libcblas                  3.9.0                     8_mkl    conda-forge
[conda] liblapack                 3.9.0                     8_mkl    conda-forge
[conda] liblapacke                3.9.0                     8_mkl    conda-forge
[conda] libopenvino-pytorch-frontend 2026.2.1             hecca717_1    conda-forge
[conda] mkl                       2020.4             h726a3e6_304    conda-forge
[conda] mkl-devel                 2020.4             ha770c72_305    conda-forge
[conda] mkl-include               2020.4             h726a3e6_304    conda-forge
[conda] numpy                     1.26.4          py310hb13e2d6_0    conda-forge
[conda] pytorch                   2.2.0           py3.10_cuda12.1_cudnn8.9.2_0    pytorch
[conda] pytorch-cuda              12.1                 ha16c6d3_6    pytorch
[conda] pytorch-mutex             1.0                        cuda    pytorch
[conda] torchaudio                2.2.0               py310_cu121    pytorch
[conda] torchtriton               2.2.0                     py310    pytorch
[conda] torchvision               0.17.0              py310_cu121    pytorch
==========================================
Job started: Tue Sep  8 09:42:14 CEST 2026
Job ID: 15784934
Node: ggpu193
==========================================

Running:
python -u bart_detection.py --use_gpu --learning_rate 1.3177153637625896e-05 --weight_decay 0.0014574952013748726 --dropout 0.4946540798427113 --classifier_hidden_size 1536 --warmup_ratio 0.17898166679186478 --batch_size 8 --epochs 20 --patience 5 --loss BCE --pooling mean --max_length 512 --seed 11711 --disable_tqdm
Label matrix shape: (2730, 26)
Train samples: 2179
Dev samples: 551
/user/nirish.samant/u28445/.conda/envs/dnlp/lib/python3.10/site-packages/huggingface_hub/file_download.py:942: FutureWarning: `resume_download` is deprecated and will be removed in version 1.0.0. Downloads always resume when possible. If you want to force a new download, use `force_download=True`.
  warnings.warn(
Loaded 2179 training samples.
Epoch 1: Loss=0.6215, Train Acc=0.9053, Train MCC=0.0000, Dev Acc=0.5942, Dev MCC=0.0204
  -> New best Dev MCC: 0.0204
Epoch 2: Loss=0.5376, Train Acc=0.9057, Train MCC=0.0117, Dev Acc=0.7611, Dev MCC=0.0690
  -> New best Dev MCC: 0.0690
Epoch 3: Loss=0.5227, Train Acc=0.9074, Train MCC=0.0441, Dev Acc=0.8566, Dev MCC=0.1107
  -> New best Dev MCC: 0.1107
Epoch 4: Loss=0.4956, Train Acc=0.9090, Train MCC=0.1547, Dev Acc=0.8465, Dev MCC=0.1456
  -> New best Dev MCC: 0.1456
Epoch 5: Loss=0.4552, Train Acc=0.9105, Train MCC=0.2996, Dev Acc=0.8753, Dev MCC=0.1667
  -> New best Dev MCC: 0.1667
Epoch 6: Loss=0.4101, Train Acc=0.9182, Train MCC=0.3963, Dev Acc=0.8793, Dev MCC=0.1774
  -> New best Dev MCC: 0.1774
Epoch 7: Loss=0.3685, Train Acc=0.9237, Train MCC=0.5603, Dev Acc=0.8957, Dev MCC=0.1895
  -> New best Dev MCC: 0.1895
Epoch 8: Loss=0.3274, Train Acc=0.9251, Train MCC=0.6172, Dev Acc=0.8874, Dev MCC=0.1958
  -> New best Dev MCC: 0.1958
Epoch 9: Loss=0.2954, Train Acc=0.9395, Train MCC=0.6903, Dev Acc=0.8947, Dev MCC=0.1872
  -> No improvement in Dev MCC (1/5)
Epoch 10: Loss=0.2596, Train Acc=0.9448, Train MCC=0.7352, Dev Acc=0.8990, Dev MCC=0.2027
  -> New best Dev MCC: 0.2027
Epoch 11: Loss=0.2308, Train Acc=0.9547, Train MCC=0.7815, Dev Acc=0.8997, Dev MCC=0.2090
  -> New best Dev MCC: 0.2090
Epoch 12: Loss=0.2016, Train Acc=0.9613, Train MCC=0.8133, Dev Acc=0.8989, Dev MCC=0.2097
  -> New best Dev MCC: 0.2097
Epoch 13: Loss=0.1785, Train Acc=0.9663, Train MCC=0.8302, Dev Acc=0.8999, Dev MCC=0.2063
  -> No improvement in Dev MCC (1/5)
Epoch 14: Loss=0.1603, Train Acc=0.9693, Train MCC=0.8469, Dev Acc=0.8979, Dev MCC=0.2218
  -> New best Dev MCC: 0.2218
Epoch 15: Loss=0.1411, Train Acc=0.9730, Train MCC=0.8703, Dev Acc=0.9035, Dev MCC=0.2255
  -> New best Dev MCC: 0.2255
Epoch 16: Loss=0.1270, Train Acc=0.9761, Train MCC=0.8811, Dev Acc=0.9053, Dev MCC=0.2213
  -> No improvement in Dev MCC (1/5)
Epoch 17: Loss=0.1158, Train Acc=0.9802, Train MCC=0.8971, Dev Acc=0.9073, Dev MCC=0.2311
  -> New best Dev MCC: 0.2311
Epoch 18: Loss=0.1064, Train Acc=0.9824, Train MCC=0.9047, Dev Acc=0.9071, Dev MCC=0.2182
  -> No improvement in Dev MCC (1/5)
Epoch 19: Loss=0.0993, Train Acc=0.9832, Train MCC=0.9065, Dev Acc=0.9071, Dev MCC=0.2175
  -> No improvement in Dev MCC (2/5)
Epoch 20: Loss=0.0950, Train Acc=0.9833, Train MCC=0.9074, Dev Acc=0.9075, Dev MCC=0.2245
  -> No improvement in Dev MCC (3/5)
Restoring best model with Dev MCC=0.2311
Training finished.
The accuracy of the model is: 0.907
Matthews Correlation Coefficient of the model is: 0.231
/user/nirish.samant/u28445/.conda/envs/dnlp/lib/python3.10/site-packages/huggingface_hub/file_download.py:942: FutureWarning: `resume_download` is deprecated and will be removed in version 1.0.0. Downloads always resume when possible. If you want to force a new download, use `force_download=True`.
  warnings.warn(
Trial 0 Dev MCC = 0.2310 Dev Accuracy = 0.9070

Running:
python -u bart_detection.py --use_gpu --learning_rate 5.85208399107905e-06 --weight_decay 0.03723032051652485 --dropout 0.11122029939661529 --classifier_hidden_size 1024 --warmup_ratio 0.05867920691833424 --batch_size 8 --epochs 20 --patience 5 --loss BCE --pooling mean --max_length 512 --seed 11711 --disable_tqdm
Label matrix shape: (2730, 26)
Train samples: 2179
Dev samples: 551
/user/nirish.samant/u28445/.conda/envs/dnlp/lib/python3.10/site-packages/huggingface_hub/file_download.py:942: FutureWarning: `resume_download` is deprecated and will be removed in version 1.0.0. Downloads always resume when possible. If you want to force a new download, use `force_download=True`.
  warnings.warn(
Loaded 2179 training samples.
Epoch 1: Loss=0.5954, Train Acc=0.9053, Train MCC=0.0000, Dev Acc=0.7306, Dev MCC=0.0498
  -> New best Dev MCC: 0.0498
Epoch 2: Loss=0.5212, Train Acc=0.9060, Train MCC=0.0341, Dev Acc=0.8182, Dev MCC=0.1029
  -> New best Dev MCC: 0.1029
Epoch 3: Loss=0.4958, Train Acc=0.9072, Train MCC=0.0823, Dev Acc=0.8492, Dev MCC=0.1281
  -> New best Dev MCC: 0.1281
Epoch 4: Loss=0.4659, Train Acc=0.9090, Train MCC=0.1845, Dev Acc=0.8523, Dev MCC=0.1479
  -> New best Dev MCC: 0.1479
Epoch 5: Loss=0.4360, Train Acc=0.9134, Train MCC=0.2913, Dev Acc=0.8798, Dev MCC=0.1593
  -> New best Dev MCC: 0.1593
Epoch 6: Loss=0.4062, Train Acc=0.9165, Train MCC=0.3958, Dev Acc=0.8813, Dev MCC=0.1773
  -> New best Dev MCC: 0.1773
Epoch 7: Loss=0.3795, Train Acc=0.9216, Train MCC=0.4528, Dev Acc=0.8840, Dev MCC=0.1618
  -> No improvement in Dev MCC (1/5)
Epoch 8: Loss=0.3561, Train Acc=0.9254, Train MCC=0.5285, Dev Acc=0.8888, Dev MCC=0.1679
  -> No improvement in Dev MCC (2/5)
Epoch 9: Loss=0.3331, Train Acc=0.9301, Train MCC=0.5798, Dev Acc=0.8931, Dev MCC=0.1717
  -> No improvement in Dev MCC (3/5)
Epoch 10: Loss=0.3101, Train Acc=0.9345, Train MCC=0.6316, Dev Acc=0.8951, Dev MCC=0.1608
  -> No improvement in Dev MCC (4/5)
Epoch 11: Loss=0.2941, Train Acc=0.9375, Train MCC=0.6586, Dev Acc=0.8915, Dev MCC=0.1655
  -> No improvement in Dev MCC (5/5)
Early stopping triggered after 11 epochs.
Restoring best model with Dev MCC=0.1773
Training finished.
The accuracy of the model is: 0.881
Matthews Correlation Coefficient of the model is: 0.177
/user/nirish.samant/u28445/.conda/envs/dnlp/lib/python3.10/site-packages/huggingface_hub/file_download.py:942: FutureWarning: `resume_download` is deprecated and will be removed in version 1.0.0. Downloads always resume when possible. If you want to force a new download, use `force_download=True`.
  warnings.warn(
Trial 1 Dev MCC = 0.1770 Dev Accuracy = 0.8810

Running:
python -u bart_detection.py --use_gpu --learning_rate 1.4185363020162212e-05 --weight_decay 0.0046020837829991125 --dropout 0.06465706971314661 --classifier_hidden_size 768 --warmup_ratio 0.06108900384062737 --batch_size 8 --epochs 20 --patience 5 --loss BCE --pooling mean --max_length 512 --seed 11711 --disable_tqdm
Label matrix shape: (2730, 26)
Train samples: 2179
Dev samples: 551
/user/nirish.samant/u28445/.conda/envs/dnlp/lib/python3.10/site-packages/huggingface_hub/file_download.py:942: FutureWarning: `resume_download` is deprecated and will be removed in version 1.0.0. Downloads always resume when possible. If you want to force a new download, use `force_download=True`.
  warnings.warn(
Loaded 2179 training samples.
Epoch 1: Loss=0.5770, Train Acc=0.9058, Train MCC=0.0124, Dev Acc=0.7855, Dev MCC=0.0670
  -> New best Dev MCC: 0.0670
Epoch 2: Loss=0.5144, Train Acc=0.9057, Train MCC=0.0705, Dev Acc=0.8582, Dev MCC=0.0969
  -> New best Dev MCC: 0.0969
Epoch 3: Loss=0.4657, Train Acc=0.9098, Train MCC=0.2617, Dev Acc=0.8625, Dev MCC=0.1613
  -> New best Dev MCC: 0.1613
Epoch 4: Loss=0.4036, Train Acc=0.9172, Train MCC=0.4584, Dev Acc=0.8864, Dev MCC=0.1679
  -> New best Dev MCC: 0.1679
Epoch 5: Loss=0.3450, Train Acc=0.9324, Train MCC=0.6228, Dev Acc=0.8929, Dev MCC=0.1786
  -> New best Dev MCC: 0.1786
Epoch 6: Loss=0.2924, Train Acc=0.9439, Train MCC=0.7194, Dev Acc=0.8951, Dev MCC=0.1782
  -> No improvement in Dev MCC (1/5)
Epoch 7: Loss=0.2461, Train Acc=0.9525, Train MCC=0.7636, Dev Acc=0.9000, Dev MCC=0.1940
  -> New best Dev MCC: 0.1940
Epoch 8: Loss=0.2041, Train Acc=0.9586, Train MCC=0.7974, Dev Acc=0.8993, Dev MCC=0.1920
  -> No improvement in Dev MCC (1/5)
Epoch 9: Loss=0.1696, Train Acc=0.9663, Train MCC=0.8398, Dev Acc=0.9012, Dev MCC=0.1947
  -> New best Dev MCC: 0.1947
Epoch 10: Loss=0.1420, Train Acc=0.9713, Train MCC=0.8570, Dev Acc=0.8983, Dev MCC=0.1939
  -> No improvement in Dev MCC (1/5)
Epoch 11: Loss=0.1190, Train Acc=0.9756, Train MCC=0.8723, Dev Acc=0.9005, Dev MCC=0.1944
  -> No improvement in Dev MCC (2/5)
Epoch 12: Loss=0.0995, Train Acc=0.9808, Train MCC=0.8914, Dev Acc=0.9021, Dev MCC=0.2013
  -> New best Dev MCC: 0.2013
Epoch 13: Loss=0.0845, Train Acc=0.9841, Train MCC=0.9082, Dev Acc=0.9021, Dev MCC=0.1894
  -> No improvement in Dev MCC (1/5)
Epoch 14: Loss=0.0709, Train Acc=0.9865, Train MCC=0.9151, Dev Acc=0.9028, Dev MCC=0.2003
  -> No improvement in Dev MCC (2/5)
Epoch 15: Loss=0.0589, Train Acc=0.9901, Train MCC=0.9340, Dev Acc=0.9038, Dev MCC=0.1901
  -> No improvement in Dev MCC (3/5)
Epoch 16: Loss=0.0520, Train Acc=0.9921, Train MCC=0.9385, Dev Acc=0.9053, Dev MCC=0.2053
  -> New best Dev MCC: 0.2053
Epoch 17: Loss=0.0455, Train Acc=0.9932, Train MCC=0.9447, Dev Acc=0.9047, Dev MCC=0.1976
  -> No improvement in Dev MCC (1/5)
Epoch 18: Loss=0.0403, Train Acc=0.9941, Train MCC=0.9513, Dev Acc=0.9070, Dev MCC=0.1947
  -> No improvement in Dev MCC (2/5)
Epoch 19: Loss=0.0368, Train Acc=0.9947, Train MCC=0.9534, Dev Acc=0.9072, Dev MCC=0.1959
  -> No improvement in Dev MCC (3/5)
Epoch 20: Loss=0.0342, Train Acc=0.9960, Train MCC=0.9598, Dev Acc=0.9063, Dev MCC=0.2024
  -> No improvement in Dev MCC (4/5)
Restoring best model with Dev MCC=0.2053
Training finished.
The accuracy of the model is: 0.905
Matthews Correlation Coefficient of the model is: 0.205
/user/nirish.samant/u28445/.conda/envs/dnlp/lib/python3.10/site-packages/huggingface_hub/file_download.py:942: FutureWarning: `resume_download` is deprecated and will be removed in version 1.0.0. Downloads always resume when possible. If you want to force a new download, use `force_download=True`.
  warnings.warn(
Trial 2 Dev MCC = 0.2050 Dev Accuracy = 0.9050

Running:
python -u bart_detection.py --use_gpu --learning_rate 8.901298541427382e-06 --weight_decay 0.02848848818952879 --dropout 0.27388963847523223 --classifier_hidden_size 512 --warmup_ratio 0.014149284724786094 --batch_size 16 --epochs 20 --patience 5 --loss BCE --pooling mean --max_length 512 --seed 11711 --disable_tqdm
Label matrix shape: (2730, 26)
Train samples: 2179
Dev samples: 551
/user/nirish.samant/u28445/.conda/envs/dnlp/lib/python3.10/site-packages/huggingface_hub/file_download.py:942: FutureWarning: `resume_download` is deprecated and will be removed in version 1.0.0. Downloads always resume when possible. If you want to force a new download, use `force_download=True`.
  warnings.warn(
Loaded 2179 training samples.
Epoch 1: Loss=0.5854, Train Acc=0.9053, Train MCC=0.0017, Dev Acc=0.7534, Dev MCC=0.0461
  -> New best Dev MCC: 0.0461
Epoch 2: Loss=0.5312, Train Acc=0.9074, Train MCC=0.0363, Dev Acc=0.8407, Dev MCC=0.0977
  -> New best Dev MCC: 0.0977
Epoch 3: Loss=0.5068, Train Acc=0.9099, Train MCC=0.0809, Dev Acc=0.8443, Dev MCC=0.1371
  -> New best Dev MCC: 0.1371
Epoch 4: Loss=0.4774, Train Acc=0.9129, Train MCC=0.1871, Dev Acc=0.8716, Dev MCC=0.1468
  -> New best Dev MCC: 0.1468
Epoch 5: Loss=0.4478, Train Acc=0.9164, Train MCC=0.2997, Dev Acc=0.8730, Dev MCC=0.1519
  -> New best Dev MCC: 0.1519
Epoch 6: Loss=0.4172, Train Acc=0.9186, Train MCC=0.3782, Dev Acc=0.8805, Dev MCC=0.1529
  -> New best Dev MCC: 0.1529
Epoch 7: Loss=0.3933, Train Acc=0.9219, Train MCC=0.4763, Dev Acc=0.8852, Dev MCC=0.1593
  -> New best Dev MCC: 0.1593
Epoch 8: Loss=0.3665, Train Acc=0.9259, Train MCC=0.5566, Dev Acc=0.8888, Dev MCC=0.1665
  -> New best Dev MCC: 0.1665
Epoch 9: Loss=0.3443, Train Acc=0.9283, Train MCC=0.5871, Dev Acc=0.8889, Dev MCC=0.1613
  -> No improvement in Dev MCC (1/5)
Epoch 10: Loss=0.3288, Train Acc=0.9326, Train MCC=0.6330, Dev Acc=0.8885, Dev MCC=0.1679
  -> New best Dev MCC: 0.1679
Epoch 11: Loss=0.3086, Train Acc=0.9355, Train MCC=0.6529, Dev Acc=0.8910, Dev MCC=0.1610
  -> No improvement in Dev MCC (1/5)
Epoch 12: Loss=0.2924, Train Acc=0.9385, Train MCC=0.6744, Dev Acc=0.8935, Dev MCC=0.1718
  -> New best Dev MCC: 0.1718
Epoch 13: Loss=0.2804, Train Acc=0.9415, Train MCC=0.6984, Dev Acc=0.8899, Dev MCC=0.1750
  -> New best Dev MCC: 0.1750
Epoch 14: Loss=0.2675, Train Acc=0.9441, Train MCC=0.7176, Dev Acc=0.8907, Dev MCC=0.1490
  -> No improvement in Dev MCC (1/5)
Epoch 15: Loss=0.2572, Train Acc=0.9472, Train MCC=0.7327, Dev Acc=0.8936, Dev MCC=0.1579
  -> No improvement in Dev MCC (2/5)
Epoch 16: Loss=0.2471, Train Acc=0.9485, Train MCC=0.7427, Dev Acc=0.8917, Dev MCC=0.1681
  -> No improvement in Dev MCC (3/5)
Epoch 17: Loss=0.2388, Train Acc=0.9494, Train MCC=0.7518, Dev Acc=0.8919, Dev MCC=0.1633
  -> No improvement in Dev MCC (4/5)
Epoch 18: Loss=0.2332, Train Acc=0.9507, Train MCC=0.7577, Dev Acc=0.8922, Dev MCC=0.1513
  -> No improvement in Dev MCC (5/5)
Early stopping triggered after 18 epochs.
Restoring best model with Dev MCC=0.1750
Training finished.
The accuracy of the model is: 0.890
Matthews Correlation Coefficient of the model is: 0.175
/user/nirish.samant/u28445/.conda/envs/dnlp/lib/python3.10/site-packages/huggingface_hub/file_download.py:942: FutureWarning: `resume_download` is deprecated and will be removed in version 1.0.0. Downloads always resume when possible. If you want to force a new download, use `force_download=True`.
  warnings.warn(
Trial 3 Dev MCC = 0.1750 Dev Accuracy = 0.8900

Running:
python -u bart_detection.py --use_gpu --learning_rate 2.2243571349787747e-05 --weight_decay 0.00010653121982691637 --dropout 0.3720498475043646 --classifier_hidden_size 1536 --warmup_ratio 0.14730238508839832 --batch_size 8 --epochs 20 --patience 5 --loss BCE --pooling mean --max_length 512 --seed 11711 --disable_tqdm
Label matrix shape: (2730, 26)
Train samples: 2179
Dev samples: 551
/user/nirish.samant/u28445/.conda/envs/dnlp/lib/python3.10/site-packages/huggingface_hub/file_download.py:942: FutureWarning: `resume_download` is deprecated and will be removed in version 1.0.0. Downloads always resume when possible. If you want to force a new download, use `force_download=True`.
  warnings.warn(
Loaded 2179 training samples.
Epoch 1: Loss=0.5951, Train Acc=0.9053, Train MCC=0.0000, Dev Acc=0.8096, Dev MCC=0.0470
  -> New best Dev MCC: 0.0470
Epoch 2: Loss=0.5273, Train Acc=0.9067, Train MCC=0.0455, Dev Acc=0.8641, Dev MCC=0.1111
  -> New best Dev MCC: 0.1111
Epoch 3: Loss=0.4974, Train Acc=0.9098, Train MCC=0.1664, Dev Acc=0.8525, Dev MCC=0.1497
  -> New best Dev MCC: 0.1497
Epoch 4: Loss=0.4434, Train Acc=0.9100, Train MCC=0.3777, Dev Acc=0.8893, Dev MCC=0.1783
  -> New best Dev MCC: 0.1783
Epoch 5: Loss=0.3741, Train Acc=0.9223, Train MCC=0.5582, Dev Acc=0.8952, Dev MCC=0.1783
  -> New best Dev MCC: 0.1783
Epoch 6: Loss=0.3084, Train Acc=0.9344, Train MCC=0.6858, Dev Acc=0.8989, Dev MCC=0.2132
  -> New best Dev MCC: 0.2132
Epoch 7: Loss=0.2530, Train Acc=0.9459, Train MCC=0.7555, Dev Acc=0.8989, Dev MCC=0.2241
  -> New best Dev MCC: 0.2241
Epoch 8: Loss=0.2056, Train Acc=0.9581, Train MCC=0.8097, Dev Acc=0.9064, Dev MCC=0.2405
  -> New best Dev MCC: 0.2405
Epoch 9: Loss=0.1610, Train Acc=0.9701, Train MCC=0.8485, Dev Acc=0.9071, Dev MCC=0.2400
  -> No improvement in Dev MCC (1/5)
Epoch 10: Loss=0.1272, Train Acc=0.9747, Train MCC=0.8842, Dev Acc=0.9092, Dev MCC=0.2477
  -> New best Dev MCC: 0.2477
Epoch 11: Loss=0.1011, Train Acc=0.9815, Train MCC=0.8993, Dev Acc=0.9103, Dev MCC=0.2307
  -> No improvement in Dev MCC (1/5)
Epoch 12: Loss=0.0805, Train Acc=0.9825, Train MCC=0.9144, Dev Acc=0.9097, Dev MCC=0.2397
  -> No improvement in Dev MCC (2/5)
Epoch 13: Loss=0.0636, Train Acc=0.9888, Train MCC=0.9257, Dev Acc=0.9098, Dev MCC=0.2396
  -> No improvement in Dev MCC (3/5)
Epoch 14: Loss=0.0517, Train Acc=0.9922, Train MCC=0.9525, Dev Acc=0.9094, Dev MCC=0.2351
  -> No improvement in Dev MCC (4/5)
Epoch 15: Loss=0.0399, Train Acc=0.9937, Train MCC=0.9565, Dev Acc=0.9111, Dev MCC=0.2320
  -> No improvement in Dev MCC (5/5)
Early stopping triggered after 15 epochs.
Restoring best model with Dev MCC=0.2477
Training finished.
The accuracy of the model is: 0.909
Matthews Correlation Coefficient of the model is: 0.248
/user/nirish.samant/u28445/.conda/envs/dnlp/lib/python3.10/site-packages/huggingface_hub/file_download.py:942: FutureWarning: `resume_download` is deprecated and will be removed in version 1.0.0. Downloads always resume when possible. If you want to force a new download, use `force_download=True`.
  warnings.warn(
Trial 4 Dev MCC = 0.2480 Dev Accuracy = 0.9090

Running:
python -u bart_detection.py --use_gpu --learning_rate 6.276603006768866e-06 --weight_decay 0.028721583356955935 --dropout 0.48155128989262946 --classifier_hidden_size 1024 --warmup_ratio 0.16107686148131783 --batch_size 8 --epochs 20 --patience 5 --loss BCE --pooling mean --max_length 512 --seed 11711 --disable_tqdm
Label matrix shape: (2730, 26)
Train samples: 2179
Dev samples: 551
/user/nirish.samant/u28445/.conda/envs/dnlp/lib/python3.10/site-packages/huggingface_hub/file_download.py:942: FutureWarning: `resume_download` is deprecated and will be removed in version 1.0.0. Downloads always resume when possible. If you want to force a new download, use `force_download=True`.
  warnings.warn(
Loaded 2179 training samples.
Epoch 1: Loss=0.6435, Train Acc=0.9053, Train MCC=0.0000, Dev Acc=0.5228, Dev MCC=0.0266
  -> New best Dev MCC: 0.0266
Epoch 2: Loss=0.5403, Train Acc=0.9053, Train MCC=0.0028, Dev Acc=0.7112, Dev MCC=0.0731
  -> New best Dev MCC: 0.0731
Epoch 3: Loss=0.5261, Train Acc=0.9060, Train MCC=0.0312, Dev Acc=0.7976, Dev MCC=0.1086
  -> New best Dev MCC: 0.1086
Epoch 4: Loss=0.5110, Train Acc=0.9041, Train MCC=0.0592, Dev Acc=0.8460, Dev MCC=0.1342
  -> New best Dev MCC: 0.1342
Epoch 5: Loss=0.4875, Train Acc=0.9090, Train MCC=0.1263, Dev Acc=0.8249, Dev MCC=0.1429
  -> New best Dev MCC: 0.1429
Epoch 6: Loss=0.4628, Train Acc=0.9086, Train MCC=0.1915, Dev Acc=0.8470, Dev MCC=0.1573
  -> New best Dev MCC: 0.1573
Epoch 7: Loss=0.4376, Train Acc=0.9151, Train MCC=0.3224, Dev Acc=0.8762, Dev MCC=0.1621
  -> New best Dev MCC: 0.1621
Epoch 8: Loss=0.4125, Train Acc=0.9174, Train MCC=0.3886, Dev Acc=0.8825, Dev MCC=0.1693
  -> New best Dev MCC: 0.1693
Epoch 9: Loss=0.3874, Train Acc=0.9221, Train MCC=0.4706, Dev Acc=0.8754, Dev MCC=0.1713
  -> New best Dev MCC: 0.1713
Epoch 10: Loss=0.3656, Train Acc=0.9244, Train MCC=0.5119, Dev Acc=0.8736, Dev MCC=0.1691
  -> No improvement in Dev MCC (1/5)
Epoch 11: Loss=0.3489, Train Acc=0.9279, Train MCC=0.5886, Dev Acc=0.8916, Dev MCC=0.1653
  -> No improvement in Dev MCC (2/5)
Epoch 12: Loss=0.3314, Train Acc=0.9317, Train MCC=0.6161, Dev Acc=0.8805, Dev MCC=0.1706
  -> No improvement in Dev MCC (3/5)
Epoch 13: Loss=0.3171, Train Acc=0.9342, Train MCC=0.6406, Dev Acc=0.8844, Dev MCC=0.1699
  -> No improvement in Dev MCC (4/5)
Epoch 14: Loss=0.2996, Train Acc=0.9370, Train MCC=0.6614, Dev Acc=0.8882, Dev MCC=0.1793
  -> New best Dev MCC: 0.1793
Epoch 15: Loss=0.2899, Train Acc=0.9398, Train MCC=0.6800, Dev Acc=0.8849, Dev MCC=0.1711
  -> No improvement in Dev MCC (1/5)
Epoch 16: Loss=0.2784, Train Acc=0.9435, Train MCC=0.7063, Dev Acc=0.8910, Dev MCC=0.1707
  -> No improvement in Dev MCC (2/5)
Epoch 17: Loss=0.2716, Train Acc=0.9445, Train MCC=0.7100, Dev Acc=0.8887, Dev MCC=0.1746
  -> No improvement in Dev MCC (3/5)
Epoch 18: Loss=0.2641, Train Acc=0.9456, Train MCC=0.7234, Dev Acc=0.8895, Dev MCC=0.1570
  -> No improvement in Dev MCC (4/5)
Epoch 19: Loss=0.2552, Train Acc=0.9467, Train MCC=0.7305, Dev Acc=0.8876, Dev MCC=0.1692
  -> No improvement in Dev MCC (5/5)
Early stopping triggered after 19 epochs.
Restoring best model with Dev MCC=0.1793
Training finished.
The accuracy of the model is: 0.888
Matthews Correlation Coefficient of the model is: 0.179
/user/nirish.samant/u28445/.conda/envs/dnlp/lib/python3.10/site-packages/huggingface_hub/file_download.py:942: FutureWarning: `resume_download` is deprecated and will be removed in version 1.0.0. Downloads always resume when possible. If you want to force a new download, use `force_download=True`.
  warnings.warn(
Trial 5 Dev MCC = 0.1790 Dev Accuracy = 0.8880

Running:
python -u bart_detection.py --use_gpu --learning_rate 1.6316584373832257e-05 --weight_decay 0.0016453239872215848 --dropout 0.43526636996539025 --classifier_hidden_size 1024 --warmup_ratio 0.034896802113317894 --batch_size 8 --epochs 20 --patience 5 --loss BCE --pooling mean --max_length 512 --seed 11711 --disable_tqdm
Label matrix shape: (2730, 26)
Train samples: 2179
Dev samples: 551
/user/nirish.samant/u28445/.conda/envs/dnlp/lib/python3.10/site-packages/huggingface_hub/file_download.py:942: FutureWarning: `resume_download` is deprecated and will be removed in version 1.0.0. Downloads always resume when possible. If you want to force a new download, use `force_download=True`.
  warnings.warn(
Loaded 2179 training samples.
Epoch 1: Loss=0.5743, Train Acc=0.9061, Train MCC=0.0154, Dev Acc=0.7609, Dev MCC=0.0619
  -> New best Dev MCC: 0.0619
Epoch 2: Loss=0.5254, Train Acc=0.9051, Train MCC=0.0434, Dev Acc=0.8460, Dev MCC=0.1243
  -> New best Dev MCC: 0.1243
Epoch 3: Loss=0.4849, Train Acc=0.9114, Train MCC=0.1724, Dev Acc=0.8623, Dev MCC=0.1482
  -> New best Dev MCC: 0.1482
Epoch 4: Loss=0.4386, Train Acc=0.9139, Train MCC=0.3691, Dev Acc=0.8786, Dev MCC=0.1685
  -> New best Dev MCC: 0.1685
Epoch 5: Loss=0.3909, Train Acc=0.9209, Train MCC=0.4819, Dev Acc=0.8903, Dev MCC=0.1743
  -> New best Dev MCC: 0.1743
Epoch 6: Loss=0.3445, Train Acc=0.9308, Train MCC=0.5899, Dev Acc=0.8908, Dev MCC=0.1729
  -> No improvement in Dev MCC (1/5)
Epoch 7: Loss=0.3032, Train Acc=0.9391, Train MCC=0.6666, Dev Acc=0.8952, Dev MCC=0.1928
  -> New best Dev MCC: 0.1928
Epoch 8: Loss=0.2633, Train Acc=0.9469, Train MCC=0.7269, Dev Acc=0.8926, Dev MCC=0.1911
  -> No improvement in Dev MCC (1/5)
Epoch 9: Loss=0.2270, Train Acc=0.9542, Train MCC=0.7722, Dev Acc=0.8962, Dev MCC=0.1929
  -> New best Dev MCC: 0.1929
Epoch 10: Loss=0.1954, Train Acc=0.9595, Train MCC=0.7965, Dev Acc=0.8951, Dev MCC=0.1838
  -> No improvement in Dev MCC (1/5)
Epoch 11: Loss=0.1687, Train Acc=0.9617, Train MCC=0.8178, Dev Acc=0.8942, Dev MCC=0.1992
  -> New best Dev MCC: 0.1992
Epoch 12: Loss=0.1473, Train Acc=0.9688, Train MCC=0.8442, Dev Acc=0.8977, Dev MCC=0.2020
  -> New best Dev MCC: 0.2020
Epoch 13: Loss=0.1290, Train Acc=0.9754, Train MCC=0.8703, Dev Acc=0.9001, Dev MCC=0.1981
  -> No improvement in Dev MCC (1/5)
Epoch 14: Loss=0.1118, Train Acc=0.9802, Train MCC=0.8886, Dev Acc=0.9018, Dev MCC=0.1948
  -> No improvement in Dev MCC (2/5)
Epoch 15: Loss=0.0995, Train Acc=0.9822, Train MCC=0.9020, Dev Acc=0.9023, Dev MCC=0.1901
  -> No improvement in Dev MCC (3/5)
Epoch 16: Loss=0.0886, Train Acc=0.9848, Train MCC=0.9078, Dev Acc=0.9065, Dev MCC=0.1938
  -> No improvement in Dev MCC (4/5)
Epoch 17: Loss=0.0805, Train Acc=0.9872, Train MCC=0.9200, Dev Acc=0.9051, Dev MCC=0.1992
  -> No improvement in Dev MCC (5/5)
Early stopping triggered after 17 epochs.
Restoring best model with Dev MCC=0.2020
Training finished.
The accuracy of the model is: 0.898
Matthews Correlation Coefficient of the model is: 0.202
/user/nirish.samant/u28445/.conda/envs/dnlp/lib/python3.10/site-packages/huggingface_hub/file_download.py:942: FutureWarning: `resume_download` is deprecated and will be removed in version 1.0.0. Downloads always resume when possible. If you want to force a new download, use `force_download=True`.
  warnings.warn(
Trial 6 Dev MCC = 0.2020 Dev Accuracy = 0.8980

Running:
python -u bart_detection.py --use_gpu --learning_rate 1.7683340009227584e-05 --weight_decay 0.003603618042568021 --dropout 0.164980781264075 --classifier_hidden_size 1024 --warmup_ratio 0.16169523846667952 --batch_size 8 --epochs 20 --patience 5 --loss BCE --pooling mean --max_length 512 --seed 11711 --disable_tqdm
Label matrix shape: (2730, 26)
Train samples: 2179
Dev samples: 551
/user/nirish.samant/u28445/.conda/envs/dnlp/lib/python3.10/site-packages/huggingface_hub/file_download.py:942: FutureWarning: `resume_download` is deprecated and will be removed in version 1.0.0. Downloads always resume when possible. If you want to force a new download, use `force_download=True`.
  warnings.warn(
Loaded 2179 training samples.
Epoch 1: Loss=0.5940, Train Acc=0.9053, Train MCC=0.0000, Dev Acc=0.6716, Dev MCC=0.0591
  -> New best Dev MCC: 0.0591
Epoch 2: Loss=0.5224, Train Acc=0.9063, Train MCC=0.0440, Dev Acc=0.8300, Dev MCC=0.1236
  -> New best Dev MCC: 0.1236
Epoch 3: Loss=0.4917, Train Acc=0.9084, Train MCC=0.1478, Dev Acc=0.8656, Dev MCC=0.1469
  -> New best Dev MCC: 0.1469
Epoch 4: Loss=0.4420, Train Acc=0.9128, Train MCC=0.3760, Dev Acc=0.8864, Dev MCC=0.1795
  -> New best Dev MCC: 0.1795
Epoch 5: Loss=0.3821, Train Acc=0.9202, Train MCC=0.5332, Dev Acc=0.8920, Dev MCC=0.1757
  -> No improvement in Dev MCC (1/5)
Epoch 6: Loss=0.3186, Train Acc=0.9331, Train MCC=0.6344, Dev Acc=0.8991, Dev MCC=0.2094
  -> New best Dev MCC: 0.2094
Epoch 7: Loss=0.2626, Train Acc=0.9466, Train MCC=0.7316, Dev Acc=0.8990, Dev MCC=0.2169
  -> New best Dev MCC: 0.2169
Epoch 8: Loss=0.2168, Train Acc=0.9538, Train MCC=0.7844, Dev Acc=0.9010, Dev MCC=0.2232
  -> New best Dev MCC: 0.2232
Epoch 9: Loss=0.1768, Train Acc=0.9628, Train MCC=0.8197, Dev Acc=0.8997, Dev MCC=0.2175
  -> No improvement in Dev MCC (1/5)
Epoch 10: Loss=0.1436, Train Acc=0.9703, Train MCC=0.8457, Dev Acc=0.9044, Dev MCC=0.2230
  -> No improvement in Dev MCC (2/5)
Epoch 11: Loss=0.1173, Train Acc=0.9748, Train MCC=0.8709, Dev Acc=0.9026, Dev MCC=0.2206
  -> No improvement in Dev MCC (3/5)
Epoch 12: Loss=0.0977, Train Acc=0.9781, Train MCC=0.8847, Dev Acc=0.9038, Dev MCC=0.2207
  -> No improvement in Dev MCC (4/5)
Epoch 13: Loss=0.0802, Train Acc=0.9789, Train MCC=0.9032, Dev Acc=0.9042, Dev MCC=0.2175
  -> No improvement in Dev MCC (5/5)
Early stopping triggered after 13 epochs.
Restoring best model with Dev MCC=0.2232
Training finished.
The accuracy of the model is: 0.901
Matthews Correlation Coefficient of the model is: 0.223
/user/nirish.samant/u28445/.conda/envs/dnlp/lib/python3.10/site-packages/huggingface_hub/file_download.py:942: FutureWarning: `resume_download` is deprecated and will be removed in version 1.0.0. Downloads always resume when possible. If you want to force a new download, use `force_download=True`.
  warnings.warn(
Trial 7 Dev MCC = 0.2230 Dev Accuracy = 0.9010

Running:
python -u bart_detection.py --use_gpu --learning_rate 2.3689666066788228e-05 --weight_decay 0.008084140710991991 --dropout 0.19052676686319742 --classifier_hidden_size 1536 --warmup_ratio 0.10329335941281281 --batch_size 16 --epochs 20 --patience 5 --loss BCE --pooling mean --max_length 512 --seed 11711 --disable_tqdm
Label matrix shape: (2730, 26)
Train samples: 2179
Dev samples: 551
/user/nirish.samant/u28445/.conda/envs/dnlp/lib/python3.10/site-packages/huggingface_hub/file_download.py:942: FutureWarning: `resume_download` is deprecated and will be removed in version 1.0.0. Downloads always resume when possible. If you want to force a new download, use `force_download=True`.
  warnings.warn(
Loaded 2179 training samples.
Epoch 1: Loss=0.5959, Train Acc=0.9053, Train MCC=0.0000, Dev Acc=0.6479, Dev MCC=0.0549
  -> New best Dev MCC: 0.0549
Epoch 2: Loss=0.5304, Train Acc=0.9066, Train MCC=0.0310, Dev Acc=0.7360, Dev MCC=0.0855
  -> New best Dev MCC: 0.0855
Epoch 3: Loss=0.5098, Train Acc=0.9089, Train MCC=0.0785, Dev Acc=0.8631, Dev MCC=0.1061
  -> New best Dev MCC: 0.1061
Epoch 4: Loss=0.4677, Train Acc=0.9112, Train MCC=0.2552, Dev Acc=0.8695, Dev MCC=0.1480
  -> New best Dev MCC: 0.1480
Epoch 5: Loss=0.4103, Train Acc=0.9190, Train MCC=0.4737, Dev Acc=0.8895, Dev MCC=0.1528
  -> New best Dev MCC: 0.1528
Epoch 6: Loss=0.3527, Train Acc=0.9309, Train MCC=0.6083, Dev Acc=0.8956, Dev MCC=0.1713
  -> New best Dev MCC: 0.1713
Epoch 7: Loss=0.2953, Train Acc=0.9438, Train MCC=0.7185, Dev Acc=0.8949, Dev MCC=0.1831
  -> New best Dev MCC: 0.1831
Epoch 8: Loss=0.2463, Train Acc=0.9525, Train MCC=0.7542, Dev Acc=0.9004, Dev MCC=0.1871
  -> New best Dev MCC: 0.1871
Epoch 9: Loss=0.2020, Train Acc=0.9566, Train MCC=0.7709, Dev Acc=0.9033, Dev MCC=0.2103
  -> New best Dev MCC: 0.2103
Epoch 10: Loss=0.1712, Train Acc=0.9647, Train MCC=0.8177, Dev Acc=0.9013, Dev MCC=0.2119
  -> New best Dev MCC: 0.2119
Epoch 11: Loss=0.1423, Train Acc=0.9735, Train MCC=0.8625, Dev Acc=0.9045, Dev MCC=0.2026
  -> No improvement in Dev MCC (1/5)
Epoch 12: Loss=0.1213, Train Acc=0.9751, Train MCC=0.8725, Dev Acc=0.9051, Dev MCC=0.2021
  -> No improvement in Dev MCC (2/5)
Epoch 13: Loss=0.1017, Train Acc=0.9808, Train MCC=0.8970, Dev Acc=0.9067, Dev MCC=0.2078
  -> No improvement in Dev MCC (3/5)
Epoch 14: Loss=0.0844, Train Acc=0.9828, Train MCC=0.9185, Dev Acc=0.9052, Dev MCC=0.1961
  -> No improvement in Dev MCC (4/5)
Epoch 15: Loss=0.0756, Train Acc=0.9849, Train MCC=0.9288, Dev Acc=0.9067, Dev MCC=0.2034
  -> No improvement in Dev MCC (5/5)
Early stopping triggered after 15 epochs.
Restoring best model with Dev MCC=0.2119
Training finished.
The accuracy of the model is: 0.901
Matthews Correlation Coefficient of the model is: 0.212
/user/nirish.samant/u28445/.conda/envs/dnlp/lib/python3.10/site-packages/huggingface_hub/file_download.py:942: FutureWarning: `resume_download` is deprecated and will be removed in version 1.0.0. Downloads always resume when possible. If you want to force a new download, use `force_download=True`.
  warnings.warn(
Trial 8 Dev MCC = 0.2120 Dev Accuracy = 0.9010

Running:
python -u bart_detection.py --use_gpu --learning_rate 5.65269264676737e-06 --weight_decay 0.0023140039313750047 --dropout 0.48802904225463634 --classifier_hidden_size 768 --warmup_ratio 0.16038518564564624 --batch_size 4 --epochs 20 --patience 5 --loss BCE --pooling mean --max_length 512 --seed 11711 --disable_tqdm
Label matrix shape: (2730, 26)
Train samples: 2179
Dev samples: 551
/user/nirish.samant/u28445/.conda/envs/dnlp/lib/python3.10/site-packages/huggingface_hub/file_download.py:942: FutureWarning: `resume_download` is deprecated and will be removed in version 1.0.0. Downloads always resume when possible. If you want to force a new download, use `force_download=True`.
  warnings.warn(
Loaded 2179 training samples.
Epoch 1: Loss=0.6292, Train Acc=0.9053, Train MCC=0.0000, Dev Acc=0.5625, Dev MCC=0.0215
  -> New best Dev MCC: 0.0215
Epoch 2: Loss=0.5430, Train Acc=0.9067, Train MCC=0.0245, Dev Acc=0.7770, Dev MCC=0.0749
  -> New best Dev MCC: 0.0749
Epoch 3: Loss=0.5331, Train Acc=0.9064, Train MCC=0.0429, Dev Acc=0.8375, Dev MCC=0.1028
  -> New best Dev MCC: 0.1028
Epoch 4: Loss=0.5139, Train Acc=0.9085, Train MCC=0.0843, Dev Acc=0.8363, Dev MCC=0.1210
  -> New best Dev MCC: 0.1210
Epoch 5: Loss=0.4827, Train Acc=0.9108, Train MCC=0.1689, Dev Acc=0.8651, Dev MCC=0.1281
  -> New best Dev MCC: 0.1281
Epoch 6: Loss=0.4493, Train Acc=0.9146, Train MCC=0.2924, Dev Acc=0.8769, Dev MCC=0.1383
  -> New best Dev MCC: 0.1383
Epoch 7: Loss=0.4145, Train Acc=0.9193, Train MCC=0.3850, Dev Acc=0.8787, Dev MCC=0.1579
  -> New best Dev MCC: 0.1579
Epoch 8: Loss=0.3851, Train Acc=0.9231, Train MCC=0.4731, Dev Acc=0.8619, Dev MCC=0.1581
  -> New best Dev MCC: 0.1581
Epoch 9: Loss=0.3610, Train Acc=0.9282, Train MCC=0.5456, Dev Acc=0.8838, Dev MCC=0.1497
  -> No improvement in Dev MCC (1/5)
Epoch 10: Loss=0.3342, Train Acc=0.9335, Train MCC=0.6249, Dev Acc=0.8797, Dev MCC=0.1615
  -> New best Dev MCC: 0.1615
Epoch 11: Loss=0.3077, Train Acc=0.9381, Train MCC=0.6508, Dev Acc=0.8903, Dev MCC=0.1495
  -> No improvement in Dev MCC (1/5)
Epoch 12: Loss=0.2864, Train Acc=0.9413, Train MCC=0.6923, Dev Acc=0.8890, Dev MCC=0.1632
  -> New best Dev MCC: 0.1632
Epoch 13: Loss=0.2701, Train Acc=0.9460, Train MCC=0.7195, Dev Acc=0.8896, Dev MCC=0.1588
  -> No improvement in Dev MCC (1/5)
Epoch 14: Loss=0.2521, Train Acc=0.9488, Train MCC=0.7308, Dev Acc=0.8908, Dev MCC=0.1547
  -> No improvement in Dev MCC (2/5)
Epoch 15: Loss=0.2384, Train Acc=0.9530, Train MCC=0.7600, Dev Acc=0.8923, Dev MCC=0.1663
  -> New best Dev MCC: 0.1663
Epoch 16: Loss=0.2235, Train Acc=0.9555, Train MCC=0.7683, Dev Acc=0.8912, Dev MCC=0.1565
  -> No improvement in Dev MCC (1/5)
Epoch 17: Loss=0.2126, Train Acc=0.9578, Train MCC=0.7822, Dev Acc=0.8924, Dev MCC=0.1510
  -> No improvement in Dev MCC (2/5)
Epoch 18: Loss=0.2060, Train Acc=0.9588, Train MCC=0.7896, Dev Acc=0.8940, Dev MCC=0.1535
  -> No improvement in Dev MCC (3/5)
Epoch 19: Loss=0.1973, Train Acc=0.9601, Train MCC=0.7961, Dev Acc=0.8936, Dev MCC=0.1589
  -> No improvement in Dev MCC (4/5)
Epoch 20: Loss=0.1946, Train Acc=0.9601, Train MCC=0.8095, Dev Acc=0.8932, Dev MCC=0.1606
  -> No improvement in Dev MCC (5/5)
Early stopping triggered after 20 epochs.
Restoring best model with Dev MCC=0.1663
Training finished.
The accuracy of the model is: 0.892
Matthews Correlation Coefficient of the model is: 0.166
/user/nirish.samant/u28445/.conda/envs/dnlp/lib/python3.10/site-packages/huggingface_hub/file_download.py:942: FutureWarning: `resume_download` is deprecated and will be removed in version 1.0.0. Downloads always resume when possible. If you want to force a new download, use `force_download=True`.
  warnings.warn(
Trial 9 Dev MCC = 0.1660 Dev Accuracy = 0.8920

Running:
python -u bart_detection.py --use_gpu --learning_rate 2.679840397345275e-05 --weight_decay 0.00010644030961409417 --dropout 0.3545407937202246 --classifier_hidden_size 1536 --warmup_ratio 0.11145808220755878 --batch_size 4 --epochs 20 --patience 5 --loss BCE --pooling mean --max_length 512 --seed 11711 --disable_tqdm
Label matrix shape: (2730, 26)
Train samples: 2179
Dev samples: 551
/user/nirish.samant/u28445/.conda/envs/dnlp/lib/python3.10/site-packages/huggingface_hub/file_download.py:942: FutureWarning: `resume_download` is deprecated and will be removed in version 1.0.0. Downloads always resume when possible. If you want to force a new download, use `force_download=True`.
  warnings.warn(
Loaded 2179 training samples.
Epoch 1: Loss=0.5724, Train Acc=0.9060, Train MCC=0.0200, Dev Acc=0.7358, Dev MCC=0.0694
  -> New best Dev MCC: 0.0694
Epoch 2: Loss=0.5302, Train Acc=0.9036, Train MCC=0.0466, Dev Acc=0.8119, Dev MCC=0.1060
  -> New best Dev MCC: 0.1060
Epoch 3: Loss=0.5031, Train Acc=0.9043, Train MCC=0.1122, Dev Acc=0.8321, Dev MCC=0.1259
  -> New best Dev MCC: 0.1259
Epoch 4: Loss=0.4427, Train Acc=0.9129, Train MCC=0.3589, Dev Acc=0.8732, Dev MCC=0.1488
  -> New best Dev MCC: 0.1488
Epoch 5: Loss=0.3668, Train Acc=0.9228, Train MCC=0.5488, Dev Acc=0.8905, Dev MCC=0.1895
  -> New best Dev MCC: 0.1895
Epoch 6: Loss=0.2872, Train Acc=0.9366, Train MCC=0.7138, Dev Acc=0.9035, Dev MCC=0.2206
  -> New best Dev MCC: 0.2206
Epoch 7: Loss=0.2173, Train Acc=0.9557, Train MCC=0.7847, Dev Acc=0.9038, Dev MCC=0.2054
  -> No improvement in Dev MCC (1/5)
Epoch 8: Loss=0.1594, Train Acc=0.9699, Train MCC=0.8316, Dev Acc=0.9053, Dev MCC=0.2290
  -> New best Dev MCC: 0.2290
Epoch 9: Loss=0.1154, Train Acc=0.9771, Train MCC=0.8746, Dev Acc=0.9046, Dev MCC=0.2316
  -> New best Dev MCC: 0.2316
Epoch 10: Loss=0.0853, Train Acc=0.9860, Train MCC=0.9099, Dev Acc=0.9078, Dev MCC=0.2300
  -> No improvement in Dev MCC (1/5)
Epoch 11: Loss=0.0627, Train Acc=0.9879, Train MCC=0.9251, Dev Acc=0.9067, Dev MCC=0.2423
  -> New best Dev MCC: 0.2423
Epoch 12: Loss=0.0442, Train Acc=0.9918, Train MCC=0.9493, Dev Acc=0.9070, Dev MCC=0.2294
  -> No improvement in Dev MCC (1/5)
Epoch 13: Loss=0.0316, Train Acc=0.9932, Train MCC=0.9562, Dev Acc=0.9054, Dev MCC=0.2287
  -> No improvement in Dev MCC (2/5)
Epoch 14: Loss=0.0248, Train Acc=0.9968, Train MCC=0.9837, Dev Acc=0.9071, Dev MCC=0.2321
  -> No improvement in Dev MCC (3/5)
Epoch 15: Loss=0.0183, Train Acc=0.9977, Train MCC=0.9876, Dev Acc=0.9063, Dev MCC=0.2418
  -> No improvement in Dev MCC (4/5)
Epoch 16: Loss=0.0150, Train Acc=0.9984, Train MCC=0.9908, Dev Acc=0.9083, Dev MCC=0.2355
  -> No improvement in Dev MCC (5/5)
Early stopping triggered after 16 epochs.
Restoring best model with Dev MCC=0.2423
Training finished.
The accuracy of the model is: 0.907
Matthews Correlation Coefficient of the model is: 0.242
/user/nirish.samant/u28445/.conda/envs/dnlp/lib/python3.10/site-packages/huggingface_hub/file_download.py:942: FutureWarning: `resume_download` is deprecated and will be removed in version 1.0.0. Downloads always resume when possible. If you want to force a new download, use `force_download=True`.
  warnings.warn(
Trial 10 Dev MCC = 0.2420 Dev Accuracy = 0.9070

Running:
python -u bart_detection.py --use_gpu --learning_rate 2.8895379286156533e-05 --weight_decay 0.00010623208853699683 --dropout 0.35265700071125883 --classifier_hidden_size 1536 --warmup_ratio 0.10219797504667343 --batch_size 4 --epochs 20 --patience 5 --loss BCE --pooling mean --max_length 512 --seed 11711 --disable_tqdm
Label matrix shape: (2730, 26)
Train samples: 2179
Dev samples: 551
/user/nirish.samant/u28445/.conda/envs/dnlp/lib/python3.10/site-packages/huggingface_hub/file_download.py:942: FutureWarning: `resume_download` is deprecated and will be removed in version 1.0.0. Downloads always resume when possible. If you want to force a new download, use `force_download=True`.
  warnings.warn(
Loaded 2179 training samples.
Epoch 1: Loss=0.5697, Train Acc=0.9063, Train MCC=0.0237, Dev Acc=0.7749, Dev MCC=0.0754
  -> New best Dev MCC: 0.0754
Epoch 2: Loss=0.5180, Train Acc=0.9090, Train MCC=0.1020, Dev Acc=0.8494, Dev MCC=0.1652
  -> New best Dev MCC: 0.1652
Epoch 3: Loss=0.4965, Train Acc=0.9076, Train MCC=0.1831, Dev Acc=0.8636, Dev MCC=0.1746
  -> New best Dev MCC: 0.1746
Epoch 4: Loss=0.4268, Train Acc=0.9163, Train MCC=0.3690, Dev Acc=0.8813, Dev MCC=0.2069
  -> New best Dev MCC: 0.2069
Epoch 5: Loss=0.3532, Train Acc=0.9303, Train MCC=0.5682, Dev Acc=0.8941, Dev MCC=0.2205
  -> New best Dev MCC: 0.2205
Epoch 6: Loss=0.2710, Train Acc=0.9443, Train MCC=0.7058, Dev Acc=0.9040, Dev MCC=0.2377
  -> New best Dev MCC: 0.2377
Epoch 7: Loss=0.2082, Train Acc=0.9573, Train MCC=0.7907, Dev Acc=0.9086, Dev MCC=0.2490
  -> New best Dev MCC: 0.2490
Epoch 8: Loss=0.1565, Train Acc=0.9726, Train MCC=0.8416, Dev Acc=0.9124, Dev MCC=0.2691
  -> New best Dev MCC: 0.2691
Epoch 9: Loss=0.1141, Train Acc=0.9799, Train MCC=0.8755, Dev Acc=0.9102, Dev MCC=0.2609
  -> No improvement in Dev MCC (1/5)
Epoch 10: Loss=0.0864, Train Acc=0.9810, Train MCC=0.8874, Dev Acc=0.9122, Dev MCC=0.2729
  -> New best Dev MCC: 0.2729
Epoch 11: Loss=0.0620, Train Acc=0.9876, Train MCC=0.9261, Dev Acc=0.9131, Dev MCC=0.2831
  -> New best Dev MCC: 0.2831
Epoch 12: Loss=0.0461, Train Acc=0.9932, Train MCC=0.9561, Dev Acc=0.9131, Dev MCC=0.2758
  -> No improvement in Dev MCC (1/5)
Epoch 13: Loss=0.0335, Train Acc=0.9936, Train MCC=0.9448, Dev Acc=0.9129, Dev MCC=0.2832
  -> New best Dev MCC: 0.2832
Epoch 14: Loss=0.0253, Train Acc=0.9961, Train MCC=0.9719, Dev Acc=0.9127, Dev MCC=0.2819
  -> No improvement in Dev MCC (1/5)
Epoch 15: Loss=0.0202, Train Acc=0.9980, Train MCC=0.9809, Dev Acc=0.9122, Dev MCC=0.2751
  -> No improvement in Dev MCC (2/5)
Epoch 16: Loss=0.0150, Train Acc=0.9975, Train MCC=0.9851, Dev Acc=0.9134, Dev MCC=0.2821
  -> No improvement in Dev MCC (3/5)
Epoch 17: Loss=0.0117, Train Acc=0.9988, Train MCC=0.9872, Dev Acc=0.9148, Dev MCC=0.2805
  -> No improvement in Dev MCC (4/5)
Epoch 18: Loss=0.0091, Train Acc=0.9993, Train MCC=0.9927, Dev Acc=0.9141, Dev MCC=0.2677
  -> No improvement in Dev MCC (5/5)
Early stopping triggered after 18 epochs.
Restoring best model with Dev MCC=0.2832
Training finished.
The accuracy of the model is: 0.913
Matthews Correlation Coefficient of the model is: 0.283
/user/nirish.samant/u28445/.conda/envs/dnlp/lib/python3.10/site-packages/huggingface_hub/file_download.py:942: FutureWarning: `resume_download` is deprecated and will be removed in version 1.0.0. Downloads always resume when possible. If you want to force a new download, use `force_download=True`.
  warnings.warn(
Trial 11 Dev MCC = 0.2830 Dev Accuracy = 0.9130

============================================================
BEST TRIAL
============================================================
Best Dev MCC: 0.2830
Dev Accuracy: 0.9130

Best hyperparameters:
learning_rate: 2.8895379286156533e-05
weight_decay: 0.00010623208853699683
dropout: 0.35265700071125883
classifier_hidden_size: 1536
warmup_ratio: 0.10219797504667343
batch_size: 4
==========================================
Job finished: Wed Sep  9 08:37:35 CEST 2026
==========================================
============ Job Information ===================================================
Submitted: 2026-09-08T09:41:24
Started: 2026-09-08T09:41:44
Ended: 2026-09-09T08:37:35
Elapsed: 1376 min, Limit: 2880 min, Difference: 1504 min
CPUs: 8, Nodes: 1
Estimated credit Consumption: 91.73 core-hours
================================================================================
