Submitting job with sbatch from directory: /mnt/vast-nhr/home/nirish.samant/u28445/dnlp
Home directory: /user/nirish.samant/u28445
Working directory: /mnt/vast-nhr/home/nirish.samant/u28445/dnlp
Current node: ggpu109
Python 3.10.20
Collecting environment information...
PyTorch version: 2.2.0
Is debug build: False
CUDA used to build PyTorch: 12.1
ROCM used to build PyTorch: N/A

OS: Rocky Linux 8.10 (Green Obsidian) (x86_64)
GCC version: (GCC) 8.5.0 20210514 (Red Hat 8.5.0-28)
Clang version: Could not collect
CMake version: version 3.26.5
Libc version: glibc-2.28

Python version: 3.10.20 | packaged by conda-forge | (main, Jun 11 2026, 03:31:56) [GCC 14.3.0] (64-bit runtime)
Python platform: Linux-4.18.0-553.151.1.el8_10.x86_64-x86_64-with-glibc2.28
Is CUDA available: True
CUDA runtime version: Could not collect
CUDA_MODULE_LOADING set to: LAZY
GPU models and configuration: GPU 0: NVIDIA A100-SXM4-40GB
Nvidia driver version: 570.211.01
cuDNN version: Could not collect
HIP runtime version: N/A
MIOpen runtime version: N/A
Is XNNPACK available: True

CPU:
Architecture:        x86_64
CPU op-mode(s):      32-bit, 64-bit
Byte Order:          Little Endian
CPU(s):              128
On-line CPU(s) list: 0-127
Thread(s) per core:  2
Core(s) per socket:  32
Socket(s):           2
NUMA node(s):        2
Vendor ID:           AuthenticAMD
CPU family:          25
Model:               1
Model name:          AMD EPYC 7513 32-Core Processor
Stepping:            1
CPU MHz:             1500.000
CPU max MHz:         3681.6399
CPU min MHz:         1500.0000
BogoMIPS:            5200.48
Virtualization:      AMD-V
L1d cache:           32K
L1i cache:           32K
L2 cache:            512K
L3 cache:            32768K
NUMA node0 CPU(s):   0-31,64-95
NUMA node1 CPU(s):   32-63,96-127
Flags:               fpu vme de pse tsc msr pae mce cx8 apic sep mtrr pge mca cmov pat pse36 clflush mmx fxsr sse sse2 ht syscall nx mmxext fxsr_opt pdpe1gb rdtscp lm constant_tsc rep_good nopl nonstop_tsc cpuid extd_apicid aperfmperf pni pclmulqdq monitor ssse3 fma cx16 pcid sse4_1 sse4_2 movbe popcnt aes xsave avx f16c rdrand lahf_lm cmp_legacy svm extapic cr8_legacy abm sse4a misalignsse 3dnowprefetch osvw ibs skinit wdt tce topoext perfctr_core perfctr_nb bpext perfctr_llc mwaitx cpb cat_l3 cdp_l3 invpcid_single hw_pstate ssbd mba ibrs ibpb stibp vmmcall fsgsbase bmi1 avx2 smep bmi2 erms invpcid cqm rdt_a rdseed adx smap clflushopt clwb sha_ni xsaveopt xsavec xgetbv1 xsaves cqm_llc cqm_occup_llc cqm_mbm_total cqm_mbm_local clzero irperf xsaveerptr wbnoinvd amd_ppin brs arat npt lbrv svm_lock nrip_save tsc_scale vmcb_clean flushbyasid decodeassists pausefilter pfthreshold v_vmsave_vmload vgif v_spec_ctrl umip pku ospke vaes vpclmulqdq rdpid overflow_recov succor smca fsrm

Versions of relevant libraries:
[pip3] numpy==1.26.4
[pip3] torch==2.2.0
[pip3] torchaudio==2.2.0
[pip3] torchvision==0.17.0
[pip3] triton==2.2.0
[conda] blas                      2.108                       mkl    conda-forge
[conda] blas-devel                3.9.0                     8_mkl    conda-forge
[conda] libblas                   3.9.0                     8_mkl    conda-forge
[conda] libcblas                  3.9.0                     8_mkl    conda-forge
[conda] liblapack                 3.9.0                     8_mkl    conda-forge
[conda] liblapacke                3.9.0                     8_mkl    conda-forge
[conda] libopenvino-pytorch-frontend 2026.2.1             hecca717_1    conda-forge
[conda] mkl                       2020.4             h726a3e6_304    conda-forge
[conda] mkl-devel                 2020.4             ha770c72_305    conda-forge
[conda] mkl-include               2020.4             h726a3e6_304    conda-forge
[conda] numpy                     1.26.4          py310hb13e2d6_0    conda-forge
[conda] pytorch                   2.2.0           py3.10_cuda12.1_cudnn8.9.2_0    pytorch
[conda] pytorch-cuda              12.1                 ha16c6d3_6    pytorch
[conda] pytorch-mutex             1.0                        cuda    pytorch
[conda] torchaudio                2.2.0               py310_cu121    pytorch
[conda] torchtriton               2.2.0                     py310    pytorch
[conda] torchvision               0.17.0              py310_cu121    pytorch
Label matrix shape: (2730, 26)
Train samples: 2179
Dev samples: 551
Loaded 2179 training samples.
Epoch 1: Loss=0.3375, Train Acc=0.9061, Train MCC=0.0174, Dev Acc=0.9064, Dev MCC=0.0194
  -> New best Dev MCC: 0.0194
Epoch 2: Loss=0.2638, Train Acc=0.9126, Train MCC=0.0711, Dev Acc=0.9121, Dev MCC=0.0631
  -> New best Dev MCC: 0.0631
Epoch 3: Loss=0.2383, Train Acc=0.9216, Train MCC=0.1778, Dev Acc=0.9150, Dev MCC=0.1218
  -> New best Dev MCC: 0.1218
Epoch 4: Loss=0.2133, Train Acc=0.9316, Train MCC=0.2781, Dev Acc=0.9127, Dev MCC=0.1572
  -> New best Dev MCC: 0.1572
Epoch 5: Loss=0.1878, Train Acc=0.9425, Train MCC=0.3763, Dev Acc=0.9111, Dev MCC=0.1835
  -> New best Dev MCC: 0.1835
Epoch 6: Loss=0.1669, Train Acc=0.9516, Train MCC=0.4761, Dev Acc=0.9113, Dev MCC=0.2163
  -> New best Dev MCC: 0.2163
Epoch 7: Loss=0.1469, Train Acc=0.9600, Train MCC=0.5463, Dev Acc=0.9112, Dev MCC=0.2137
  -> No improvement in Dev MCC (1/2)
Epoch 8: Loss=0.1291, Train Acc=0.9668, Train MCC=0.6073, Dev Acc=0.9118, Dev MCC=0.2205
  -> New best Dev MCC: 0.2205
Epoch 9: Loss=0.1155, Train Acc=0.9699, Train MCC=0.6190, Dev Acc=0.9148, Dev MCC=0.2267
  -> New best Dev MCC: 0.2267
Epoch 10: Loss=0.1082, Train Acc=0.9723, Train MCC=0.6174, Dev Acc=0.9148, Dev MCC=0.2241
  -> No improvement in Dev MCC (1/2)
Restoring best model with Dev MCC=0.2267
Training finished.
The accuracy of the model is: 0.915
Matthews Correlation Coefficient of the model is: 0.227
============ Job Information ===================================================
Submitted: 2026-08-28T23:39:03
Started: 2026-08-28T23:41:00
Ended: 2026-08-29T00:25:10
Elapsed: 45 min, Limit: 60 min, Difference: 15 min
CPUs: 8, Nodes: 1
Estimated credit Consumption: 112.50 core-hours
================================================================================
