Submitting job with sbatch from directory: /mnt/vast-nhr/home/nirish.samant/u28445/dnlp
Home directory: /user/nirish.samant/u28445
Working directory: /mnt/vast-nhr/home/nirish.samant/u28445/dnlp
Current node: ggpu193
Python 3.10.20
Collecting environment information...
PyTorch version: 2.2.0
Is debug build: False
CUDA used to build PyTorch: 12.1
ROCM used to build PyTorch: N/A

OS: AlmaLinux 10.2 (Lavender Lion) (x86_64)
GCC version: (GCC) 14.3.1 20251022 (Red Hat 14.3.1-4)
Clang version: Could not collect
CMake version: version 3.31.8
Libc version: glibc-2.39

Python version: 3.10.20 | packaged by conda-forge | (main, Jun 11 2026, 03:31:56) [GCC 14.3.0] (64-bit runtime)
Python platform: Linux-6.12.0-211.49.1.el10_2.x86_64-x86_64-with-glibc2.39
Is CUDA available: True
CUDA runtime version: Could not collect
CUDA_MODULE_LOADING set to: LAZY
GPU models and configuration: GPU 0: NVIDIA A100-SXM4-80GB
Nvidia driver version: 580.159.04
cuDNN version: Could not collect
HIP runtime version: N/A
MIOpen runtime version: N/A
Is XNNPACK available: True

CPU:
Architecture:                            x86_64
CPU op-mode(s):                          32-bit, 64-bit
Address sizes:                           48 bits physical, 48 bits virtual
Byte Order:                              Little Endian
CPU(s):                                  128
On-line CPU(s) list:                     0-127
Vendor ID:                               AuthenticAMD
Model name:                              AMD EPYC 7513 32-Core Processor
CPU family:                              25
Model:                                   1
Thread(s) per core:                      2
Core(s) per socket:                      32
Socket(s):                               2
Stepping:                                1
Frequency boost:                         enabled
CPU(s) scaling MHz:                      72%
CPU max MHz:                             3681.6399
CPU min MHz:                             1500.0000
BogoMIPS:                                5200.18
Flags:                                   fpu vme de pse tsc msr pae mce cx8 apic sep mtrr pge mca cmov pat pse36 clflush mmx fxsr sse sse2 ht syscall nx mmxext fxsr_opt pdpe1gb rdtscp lm constant_tsc rep_good nopl xtopology nonstop_tsc cpuid extd_apicid aperfmperf rapl pni pclmulqdq monitor ssse3 fma cx16 pcid sse4_1 sse4_2 movbe popcnt aes xsave avx f16c rdrand lahf_lm cmp_legacy extapic cr8_legacy abm sse4a misalignsse 3dnowprefetch osvw ibs skinit wdt tce topoext perfctr_core perfctr_nb bpext perfctr_llc mwaitx cpb cat_l3 cdp_l3 hw_pstate ssbd mba ibrs ibpb stibp vmmcall fsgsbase bmi1 avx2 smep bmi2 erms invpcid cqm rdt_a rdseed adx smap clflushopt clwb sha_ni xsaveopt xsavec xgetbv1 xsaves cqm_llc cqm_occup_llc cqm_mbm_total cqm_mbm_local user_shstk clzero irperf xsaveerptr rdpru wbnoinvd amd_ppin brs arat npt lbrv svm_lock nrip_save tsc_scale vmcb_clean flushbyasid decodeassists pausefilter pfthreshold v_vmsave_vmload vgif v_spec_ctrl umip pku ospke vaes vpclmulqdq rdpid overflow_recov succor smca fsrm debug_swap
L1d cache:                               2 MiB (64 instances)
L1i cache:                               2 MiB (64 instances)
L2 cache:                                32 MiB (64 instances)
L3 cache:                                256 MiB (8 instances)
NUMA node(s):                            2
NUMA node0 CPU(s):                       0-31,64-95
NUMA node1 CPU(s):                       32-63,96-127
Vulnerability Gather data sampling:      Not affected
Vulnerability Indirect target selection: Not affected
Vulnerability Itlb multihit:             Not affected
Vulnerability L1tf:                      Not affected
Vulnerability Mds:                       Not affected
Vulnerability Meltdown:                  Not affected
Vulnerability Mmio stale data:           Not affected
Vulnerability Old microcode:             Not affected
Vulnerability Reg file data sampling:    Not affected
Vulnerability Retbleed:                  Not affected
Vulnerability Spec rstack overflow:      Vulnerable: Safe RET, no microcode
Vulnerability Spec store bypass:         Mitigation; Speculative Store Bypass disabled via prctl
Vulnerability Spectre v1:                Mitigation; usercopy/swapgs barriers and __user pointer sanitization
Vulnerability Spectre v2:                Mitigation; Retpolines; IBPB conditional; IBRS_FW; STIBP always-on; RSB filling; PBRSB-eIBRS Not affected; BHI Not affected
Vulnerability Srbds:                     Not affected
Vulnerability Tsa:                       Vulnerable: No microcode
Vulnerability Tsx async abort:           Not affected
Vulnerability Vmscape:                   Mitigation; IBPB before exit to userspace

Versions of relevant libraries:
[pip3] numpy==1.26.4
[pip3] torch==2.2.0
[pip3] torchaudio==2.2.0
[pip3] torchvision==0.17.0
[pip3] triton==2.2.0
[conda] blas                      2.108                       mkl    conda-forge
[conda] blas-devel                3.9.0                     8_mkl    conda-forge
[conda] libblas                   3.9.0                     8_mkl    conda-forge
[conda] libcblas                  3.9.0                     8_mkl    conda-forge
[conda] liblapack                 3.9.0                     8_mkl    conda-forge
[conda] liblapacke                3.9.0                     8_mkl    conda-forge
[conda] libopenvino-pytorch-frontend 2026.2.1             hecca717_1    conda-forge
[conda] mkl                       2020.4             h726a3e6_304    conda-forge
[conda] mkl-devel                 2020.4             ha770c72_305    conda-forge
[conda] mkl-include               2020.4             h726a3e6_304    conda-forge
[conda] numpy                     1.26.4          py310hb13e2d6_0    conda-forge
[conda] pytorch                   2.2.0           py3.10_cuda12.1_cudnn8.9.2_0    pytorch
[conda] pytorch-cuda              12.1                 ha16c6d3_6    pytorch
[conda] pytorch-mutex             1.0                        cuda    pytorch
[conda] torchaudio                2.2.0               py310_cu121    pytorch
[conda] torchtriton               2.2.0                     py310    pytorch
[conda] torchvision               0.17.0              py310_cu121    pytorch
Label matrix shape: (2730, 26)
Train samples: 2179
Dev samples: 551
Calculating linguistic features...
Linguistic feature shape: torch.Size([2179, 6])
Calculating linguistic features...
Linguistic feature shape: torch.Size([551, 6])
Calculating linguistic features...
Linguistic feature shape: torch.Size([585, 6])
Loaded 2179 training samples.
Epoch 1: Loss=0.5665, Train Acc=0.9057, Train MCC=0.0123, Dev Acc=0.7345, Dev MCC=0.0704
  -> New best Dev MCC: 0.0704
Epoch 2: Loss=0.5124, Train Acc=0.9102, Train MCC=0.1244, Dev Acc=0.8497, Dev MCC=0.1394
  -> New best Dev MCC: 0.1394
Epoch 3: Loss=0.4523, Train Acc=0.9157, Train MCC=0.2911, Dev Acc=0.8790, Dev MCC=0.1689
  -> New best Dev MCC: 0.1689
Epoch 4: Loss=0.3894, Train Acc=0.9248, Train MCC=0.4270, Dev Acc=0.8905, Dev MCC=0.1903
  -> New best Dev MCC: 0.1903
Epoch 5: Loss=0.3234, Train Acc=0.9346, Train MCC=0.6148, Dev Acc=0.8922, Dev MCC=0.1952
  -> New best Dev MCC: 0.1952
Epoch 6: Loss=0.2714, Train Acc=0.9447, Train MCC=0.6938, Dev Acc=0.9028, Dev MCC=0.2163
  -> New best Dev MCC: 0.2163
Epoch 7: Loss=0.2292, Train Acc=0.9517, Train MCC=0.7559, Dev Acc=0.9030, Dev MCC=0.2187
  -> New best Dev MCC: 0.2187
Epoch 8: Loss=0.1963, Train Acc=0.9563, Train MCC=0.7814, Dev Acc=0.9060, Dev MCC=0.2218
  -> New best Dev MCC: 0.2218
Epoch 9: Loss=0.1764, Train Acc=0.9651, Train MCC=0.8125, Dev Acc=0.9074, Dev MCC=0.2203
  -> No improvement in Dev MCC (1/2)
Epoch 10: Loss=0.1588, Train Acc=0.9670, Train MCC=0.8193, Dev Acc=0.9063, Dev MCC=0.2168
  -> No improvement in Dev MCC (2/2)
Early stopping triggered after 10 epochs.
Restoring best model with Dev MCC=0.2218
Training finished.
The accuracy of the model is: 0.906
Matthews Correlation Coefficient of the model is: 0.222
Calculating linguistic features...
Linguistic feature shape: torch.Size([2730, 6])
============ Job Information ===================================================
Submitted: 2026-09-05T13:51:12
Started: 2026-09-05T13:51:13
Ended: 2026-09-05T15:00:49
Elapsed: 70 min, Limit: 90 min, Difference: 20 min
CPUs: 8, Nodes: 1
Estimated credit Consumption: 4.67 core-hours
================================================================================
