Submitting job with sbatch from directory: /mnt/vast-nhr/home/nirish.samant/u28445/dnlp
Home directory: /user/nirish.samant/u28445
Working directory: /mnt/vast-nhr/home/nirish.samant/u28445/dnlp
Current node: ggpu107
Python 3.10.20
Collecting environment information...
PyTorch version: 2.2.0
Is debug build: False
CUDA used to build PyTorch: 12.1
ROCM used to build PyTorch: N/A

OS: Rocky Linux 8.10 (Green Obsidian) (x86_64)
GCC version: (GCC) 8.5.0 20210514 (Red Hat 8.5.0-28)
Clang version: Could not collect
CMake version: version 3.26.5
Libc version: glibc-2.28

Python version: 3.10.20 | packaged by conda-forge | (main, Jun 11 2026, 03:31:56) [GCC 14.3.0] (64-bit runtime)
Python platform: Linux-4.18.0-553.137.1.el8.g1.x86_64-x86_64-with-glibc2.28
Is CUDA available: True
CUDA runtime version: Could not collect
CUDA_MODULE_LOADING set to: LAZY
GPU models and configuration: GPU 0: NVIDIA A100-SXM4-40GB
Nvidia driver version: 570.211.01
cuDNN version: Could not collect
HIP runtime version: N/A
MIOpen runtime version: N/A
Is XNNPACK available: True

CPU:
Architecture:        x86_64
CPU op-mode(s):      32-bit, 64-bit
Byte Order:          Little Endian
CPU(s):              128
On-line CPU(s) list: 0-127
Thread(s) per core:  2
Core(s) per socket:  32
Socket(s):           2
NUMA node(s):        2
Vendor ID:           AuthenticAMD
CPU family:          25
Model:               1
Model name:          AMD EPYC 7513 32-Core Processor
Stepping:            1
CPU MHz:             3647.376
CPU max MHz:         3681.6399
CPU min MHz:         1500.0000
BogoMIPS:            5200.34
Virtualization:      AMD-V
L1d cache:           32K
L1i cache:           32K
L2 cache:            512K
L3 cache:            32768K
NUMA node0 CPU(s):   0-31,64-95
NUMA node1 CPU(s):   32-63,96-127
Flags:               fpu vme de pse tsc msr pae mce cx8 apic sep mtrr pge mca cmov pat pse36 clflush mmx fxsr sse sse2 ht syscall nx mmxext fxsr_opt pdpe1gb rdtscp lm constant_tsc rep_good nopl nonstop_tsc cpuid extd_apicid aperfmperf pni pclmulqdq monitor ssse3 fma cx16 pcid sse4_1 sse4_2 movbe popcnt aes xsave avx f16c rdrand lahf_lm cmp_legacy svm extapic cr8_legacy abm sse4a misalignsse 3dnowprefetch osvw ibs skinit wdt tce topoext perfctr_core perfctr_nb bpext perfctr_llc mwaitx cpb cat_l3 cdp_l3 invpcid_single hw_pstate ssbd mba ibrs ibpb stibp vmmcall fsgsbase bmi1 avx2 smep bmi2 erms invpcid cqm rdt_a rdseed adx smap clflushopt clwb sha_ni xsaveopt xsavec xgetbv1 xsaves cqm_llc cqm_occup_llc cqm_mbm_total cqm_mbm_local clzero irperf xsaveerptr wbnoinvd amd_ppin brs arat npt lbrv svm_lock nrip_save tsc_scale vmcb_clean flushbyasid decodeassists pausefilter pfthreshold v_vmsave_vmload vgif v_spec_ctrl umip pku ospke vaes vpclmulqdq rdpid overflow_recov succor smca fsrm

Versions of relevant libraries:
[pip3] numpy==1.26.4
[pip3] torch==2.2.0
[pip3] torchaudio==2.2.0
[pip3] torchvision==0.17.0
[pip3] triton==2.2.0
[conda] blas                      2.108                       mkl    conda-forge
[conda] blas-devel                3.9.0                     8_mkl    conda-forge
[conda] libblas                   3.9.0                     8_mkl    conda-forge
[conda] libcblas                  3.9.0                     8_mkl    conda-forge
[conda] liblapack                 3.9.0                     8_mkl    conda-forge
[conda] liblapacke                3.9.0                     8_mkl    conda-forge
[conda] libopenvino-pytorch-frontend 2026.2.1             hecca717_1    conda-forge
[conda] mkl                       2020.4             h726a3e6_304    conda-forge
[conda] mkl-devel                 2020.4             ha770c72_305    conda-forge
[conda] mkl-include               2020.4             h726a3e6_304    conda-forge
[conda] numpy                     1.26.4          py310hb13e2d6_0    conda-forge
[conda] pytorch                   2.2.0           py3.10_cuda12.1_cudnn8.9.2_0    pytorch
[conda] pytorch-cuda              12.1                 ha16c6d3_6    pytorch
[conda] pytorch-mutex             1.0                        cuda    pytorch
[conda] torchaudio                2.2.0               py310_cu121    pytorch
[conda] torchtriton               2.2.0                     py310    pytorch
[conda] torchvision               0.17.0              py310_cu121    pytorch
Loaded 2184 training samples.
Epoch 1: Loss=0.2727, Train Acc=0.9077, Dev Acc=0.9039
Epoch 2: Loss=0.2496, Train Acc=0.9162, Dev Acc=0.9093
Epoch 3: Loss=0.2241, Train Acc=0.9268, Dev Acc=0.9114
Epoch 4: Loss=0.1921, Train Acc=0.9414, Dev Acc=0.9123
Epoch 5: Loss=0.1561, Train Acc=0.9589, Dev Acc=0.9132
Training finished.
The accuracy of the model is: 0.913
Matthews Correlation Coefficient of the model is: 0.193
============ Job Information ===================================================
Submitted: 2026-07-26T11:48:22
Started: 2026-07-26T11:48:43
Ended: 2026-07-26T12:11:06
Elapsed: 23 min, Limit: 60 min, Difference: 37 min
CPUs: 8, Nodes: 1
Estimated credit Consumption: 57.50 core-hours
================================================================================
